################################################################################
#                                                                              #
#      IAR Universal Linker V4.60I/386                                         #
#                                                                              #
#           Link time     =  16/May/2011  12:36:15                             #
#           Target CPU    =  ARM                                               #
#           List file     =  D:\Design\DS203\PRG\APP_V2.35\IAR_V4_Prpject\List #
#                            \DS203APP.map                                     #
#           Output file 1 =  D:\Design\DS203\PRG\APP_V2.35\IAR_V4_Prpject\Exe\ #
#                            DS203APP.d79                                      #
#                            Format: debug                                     #
#                            UBROF version 10.0.2                              #
#                            Using library modules for C-SPY (-rt)             #
#           Output file 2 =  D:\Design\DS203\PRG\APP_V2.35\IAR_V4_Prpject\Exe\ #
#                            DS203APP.hex                                      #
#                            Format: intel-extended, variant: -y(CODE)         #
#           Command line  =  D:\Design\DS203\PRG\APP_V2.35\IAR_V4_Prpject\Obj\ #
#                            BIOS.r79                                          #
#                            D:\Design\DS203\PRG\APP_V2.35\IAR_V4_Prpject\Obj\ #
#                            Calibrat.r79                                      #
#                            D:\Design\DS203\PRG\APP_V2.35\IAR_V4_Prpject\Obj\ #
#                            Draw.r79                                          #
#                            D:\Design\DS203\PRG\APP_V2.35\IAR_V4_Prpject\Obj\ #
#                            Files.r79                                         #
#                            D:\Design\DS203\PRG\APP_V2.35\IAR_V4_Prpject\Obj\ #
#                            Function.r79                                      #
#                            D:\Design\DS203\PRG\APP_V2.35\IAR_V4_Prpject\Obj\ #
#                            Ident.r79                                         #
#                            D:\Design\DS203\PRG\APP_V2.35\IAR_V4_Prpject\Obj\ #
#                            Interrupt.r79                                     #
#                            D:\Design\DS203\PRG\APP_V2.35\IAR_V4_Prpject\Obj\ #
#                            Main.r79                                          #
#                            D:\Design\DS203\PRG\APP_V2.35\IAR_V4_Prpject\Obj\ #
#                            Menu.r79                                          #
#                            D:\Design\DS203\PRG\APP_V2.35\IAR_V4_Prpject\Obj\ #
#                            Process.r79                                       #
#                            D:\Design\DS203\PRG\APP_V2.35\IAR_V4_Prpject\Obj\ #
#                            cortexm3_macro.r79                                #
#                            D:\Design\DS203\PRG\APP_V2.35\IAR_V4_Prpject\Obj\ #
#                            stm32f10x_dma.r79                                 #
#                            D:\Design\DS203\PRG\APP_V2.35\IAR_V4_Prpject\Obj\ #
#                            stm32f10x_flash.r79                               #
#                            D:\Design\DS203\PRG\APP_V2.35\IAR_V4_Prpject\Obj\ #
#                            stm32f10x_fsmc.r79                                #
#                            D:\Design\DS203\PRG\APP_V2.35\IAR_V4_Prpject\Obj\ #
#                            stm32f10x_gpio.r79                                #
#                            D:\Design\DS203\PRG\APP_V2.35\IAR_V4_Prpject\Obj\ #
#                            stm32f10x_lib.r79                                 #
#                            D:\Design\DS203\PRG\APP_V2.35\IAR_V4_Prpject\Obj\ #
#                            stm32f10x_nvic.r79                                #
#                            D:\Design\DS203\PRG\APP_V2.35\IAR_V4_Prpject\Obj\ #
#                            stm32f10x_rcc.r79                                 #
#                            D:\Design\DS203\PRG\APP_V2.35\IAR_V4_Prpject\Obj\ #
#                            stm32f10x_sdio.r79                                #
#                            D:\Design\DS203\PRG\APP_V2.35\IAR_V4_Prpject\Obj\ #
#                            stm32f10x_spi.r79                                 #
#                            D:\Design\DS203\PRG\APP_V2.35\IAR_V4_Prpject\Obj\ #
#                            stm32f10x_vector.r79                              #
#                            -o                                                #
#                            D:\Design\DS203\PRG\APP_V2.35\IAR_V4_Prpject\Exe\ #
#                            DS203APP.d79                                      #
#                            -l                                                #
#                            D:\Design\DS203\PRG\APP_V2.35\IAR_V4_Prpject\List #
#                            \DS203APP.map                                     #
#                            -xms                                              #
#                            "-IC:\Program Files\IAR Systems\Embedded Workbenc #
#                            h 4.0 Evaluation\arm\LIB\"                        #
#                            -f                                                #
#                            D:\Design\DS203\PRG\APP_V2.35\IAR_V4_Prpject\lnka #
#                            rm.xcl                                            #
#                            (-DROMSTART=0x800C000 -DROMEND=0x803FFFF          #
#                            -DRAMSTART=0x20002000 -DRAMEND=0x2000BFFF -carm   #
#                            -Z(CODE)INTVEC=ROMSTART-ROMEND                    #
#                            -Z(CODE)ICODE,DIFUNCT=ROMSTART-ROMEND             #
#                            -Z(CODE)SWITAB=ROMSTART-ROMEND                    #
#                            -Z(CODE)CODE=ROMSTART-ROMEND                      #
#                            -Z(CONST)CODE_ID=ROMSTART-ROMEND                  #
#                            -Z(CONST)INITTAB,DATA_ID,DATA_C=ROMSTART-ROMEND   #
#                            -Z(CONST)CHECKSUM=ROMSTART-ROMEND                 #
#                            -Z(DATA)DATA_I,DATA_Z,DATA_N=RAMSTART-RAMEND      #
#                            -Z(DATA)CODE_I=RAMSTART-RAMEND -QCODE_I=CODE_ID   #
#                            -D_CSTACK_SIZE=400 -D_HEAP_SIZE=200               #
#                            -Z(DATA)CSTACK+_CSTACK_SIZE=RAMSTART-RAMEND       #
#                            -Z(DATA)HEAP+_HEAP_SIZE=RAMSTART-RAMEND           #
#                            -Ointel-extended,(CODE)=.hex) -rt                 #
#                            "C:\Program Files\IAR Systems\Embedded Workbench  #
#                            4.0 Evaluation\arm\LIB\dl7mptnnl8f.r79"           #
#                            -s __program_start                                #
#                                                                              #
#                        Copyright 1987-2007 IAR Systems. All rights reserved. #
################################################################################





                ****************************************
                *                                      *
                *           CROSS REFERENCE            *
                *                                      *
                ****************************************

       Program entry at :           0800C165  Relocatable, from module : ?CMAIN




                ****************************************
                *                                      *
                *            RUNTIME MODEL             *
                *                                      *
                ****************************************

  StackAlign4            = USED
  __cpu_mode             = __pcs__thumb
  __data_model           = absolute
  __dlib_file_descriptor = 1
  __endian               = little
  __rt_version           = 6



                ****************************************
                *                                      *
                *              MODULE MAP              *
                *                                      *
                ****************************************


  DEFINED ABSOLUTE ENTRIES
    *************************************************************************

  DEFINED ABSOLUTE ENTRIES
  PROGRAM MODULE, NAME : ?ABS_ENTRY_MOD

Absolute parts
           ENTRY                   ADDRESS         REF BY
           =====                   =======         ======
           _HEAP_SIZE              00000200 
           _CSTACK_SIZE            00000400 
           RAMEND                  2000BFFF 
           RAMSTART                20002000 
           ROMEND                  0803FFFF 
           ROMSTART                0800C000 
    *************************************************************************

  FILE NAME : D:\Design\DS203\PRG\APP_V2.35\IAR_V4_Prpject\Obj\BIOS.r79
  PROGRAM MODULE, NAME : BIOS

  SEGMENTS IN THE MODULE
  ======================
CODE
  Relative segment, address: 0800C194 - 0800C213 (0x80 bytes), align: 2
  Segment part 0. ROOT.
           ENTRY                   ADDRESS         REF BY
           =====                   =======         ======
           __CTR_HP                0800C195        USB_HP_CAN_TX_IRQHandler (Interrupt)
           __USB_Istr              0800C199        USB_LP_CAN_RX0_IRQHandler (Interrupt)
           __LCD_Initial           0800C19D 
           __Point_SCR             0800C1A1        Calibrat (Calibrat)
                                                   Draw_Mark (Draw)
                                                   Draw_Row (Draw)
                                                   Save_Bmp (Files)
                                                   Update_Mark (Draw)
                                                   Update_View_Area (Draw)
           __LCD_SetPixl           0800C1A5        Calibrat (Calibrat)
                                                   Draw_Mark (Draw)
                                                   Print_Clk (Draw)
                                                   Print_Str (Draw)
                                                   Update_Mark (Draw)
                                                   Update_View_Area (Draw)
           __Clear_Screen          0800C1A9        App_init (Process)
                                                   Calibrat (Calibrat)
           __Get_TAB_8x14          0800C1AD 
           __LCD_Set_Block         0800C1B1        Print_Clk (Draw)
                                                   Print_Str (Draw)
           __LCD_DMA_Ready         0800C1B5        Draw_Window (Draw)
           __LCD_Copy              0800C1B9        Draw_Row (Draw)
           __LCD_Fill              0800C1BD 
           __Row_DMA_Ready         0800C1C1        Draw_Row (Draw)
                                                   Draw_Window (Draw)
                                                   Update_Mark (Draw)
           __Row_Copy              0800C1C5        Draw_Row (Draw)
                                                   Draw_Window (Draw)
           __Read_FIFO             0800C1C9        Process (Process)
           __Input_Lic             0800C1CD 
           __GetDev_SN             0800C1D1 
           __Chk_SYS               0800C1D5 
           __Ident                 0800C1D9 
           __Display_Str           0800C1DD        main (Main)
           __Set                   0800C1E1        App_init (Process)
                                                   Balance (Calibrat)
                                                   Calibrat (Calibrat)
                                                   Synchro (Process)
                                                   TIM3_IRQHandler (Interrupt)
                                                   Update_Base (Process)
                                                   Update_Output (Process)
                                                   Update_Range (Process)
                                                   Update_Trig (Process)
                                                   main (Main)
           __Set_Param             0800C1E5 
           __Get                   0800C1E9        Display_Value (Menu)
                                                   Process (Process)
                                                   Read_Keys (Function)
                                                   Synchro (Process)
                                                   Update_Battery (Menu)
                                                   main (Main)
           __Disk_Buff_WR          0800C1ED        Save_Bmp (Files)
                                                   Save_Dat (Files)
           __Disk_Buff_RD          0800C1F1        Load_Dat (Files)
                                                   Open_File (Files)
                                                   Save_Bmp (Files)
           __Param_Area_WR         0800C1F5        Save_Parameter (Files)
           __Param_Area_RD         0800C1F9        Load_Parameter (Files)
           __LCD_GetPixl           0800C1FD        Save_Bmp (Files)
           __USB_Init              0800C201        main (Main)
           __FLASH_Erase           0800C205 
           __FLASH_Prog            0800C209 
           __FLASH_Unlock          0800C20D 
           __FLASH_Lock            0800C211 

    *************************************************************************

  FILE NAME : D:\Design\DS203\PRG\APP_V2.35\IAR_V4_Prpject\Obj\Calibrat.r79
  PROGRAM MODULE, NAME : Calibrat

  SEGMENTS IN THE MODULE
  ======================
DATA_C
  Relative segment, address: 08011358 - 08011547 (0x1f0 bytes), align: 2
  Segment part 2.             Intra module refs:   Calibrat
           ENTRY                   ADDRESS         REF BY
           =====                   =======         ======
           ExitStr                 080114EC 
           VS_STR                  08011480 
    -------------------------------------------------------------------------
CODE
  Relative segment, address: 0800C214 - 0800C2BF (0xac bytes), align: 2
  Segment part 4.
           ENTRY                   ADDRESS         REF BY
           =====                   =======         ======
           Balance                 0800C215        main (Main)
               stack 1 = 00000000 ( 0000000C )
    -------------------------------------------------------------------------
CODE
  Relative segment, address: 0800C2C0 - 0800C2C3 (0x4 bytes), align: 2
  Segment part 5.             Intra module refs:   Balance
    -------------------------------------------------------------------------
CODE
  Relative segment, address: 0800C2C4 - 0800C2C7 (0x4 bytes), align: 2
  Segment part 6.             Intra module refs:   Balance
    -------------------------------------------------------------------------
CODE
  Relative segment, address: 0800C2C8 - 0800C2CB (0x4 bytes), align: 2
  Segment part 7.             Intra module refs:   Balance
    -------------------------------------------------------------------------
CODE
  Relative segment, address: 0800C2CC - 0800C2CF (0x4 bytes), align: 2
  Segment part 8.             Intra module refs:   Balance
    -------------------------------------------------------------------------
CODE
  Relative segment, address: 0800C2D0 - 0800C2D3 (0x4 bytes), align: 2
  Segment part 9.             Intra module refs:   Balance
    -------------------------------------------------------------------------
CODE
  Relative segment, address: 0800C2D4 - 0800CE3B (0xb68 bytes), align: 2
  Segment part 10.
           ENTRY                   ADDRESS         REF BY
           =====                   =======         ======
           Calibrat                0800C2D5        main (Main)
               stack 1 = 00000000 ( 0000007C )

    *************************************************************************

  FILE NAME : D:\Design\DS203\PRG\APP_V2.35\IAR_V4_Prpject\Obj\Draw.r79
  PROGRAM MODULE, NAME : Draw

  SEGMENTS IN THE MODULE
  ======================
DATA_C
  Relative segment, address: 08011548 - 08011557 (0x10 bytes), align: 2
  Segment part 2.             Intra module refs:   Update_View_Area
           ENTRY                   ADDRESS         REF BY
           =====                   =======         ======
           RULE_BASE               08011548 
    -------------------------------------------------------------------------
DATA_C
  Relative segment, address: 08011558 - 0801157B (0x24 bytes), align: 2
  Segment part 8.             Intra module refs:   Draw_Mark
           ENTRY                   ADDRESS         REF BY
           =====                   =======         ======
           Mark_TAB                08011558 
    -------------------------------------------------------------------------
DATA_C
  Relative segment, address: 0801157C - 080115D3 (0x58 bytes), align: 2
  Segment part 9.             Intra module refs:   Print_Clk
           ENTRY                   ADDRESS         REF BY
           =====                   =======         ======
           CLK_TAB                 0801157C 
    -------------------------------------------------------------------------
DATA_C
  Relative segment, address: 080115D4 - 08011BA3 (0x5d0 bytes), align: 2
  Segment part 10.            Intra module refs:   Segment part 32
           ENTRY                   ADDRESS         REF BY
           =====                   =======         ======
           Char_TAB_8x11           080115D4 
    -------------------------------------------------------------------------
DATA_C
  Relative segment, address: 08011BA4 - 080121F3 (0x650 bytes), align: 2
  Segment part 13.            Intra module refs:   Draw_Row
                                                   Segment part 35
           ENTRY                   ADDRESS         REF BY
           =====                   =======         ======
           Row_Base1               08011BA4 
           Row_Base2               08011D38 
           Row_Base3               08011ECC 
           Row_Base4               08012060 
    -------------------------------------------------------------------------
DATA_I
  Relative segment, address: 20002000 - 2000202F (0x30 bytes), align: 2
  Segment part 14.            Intra module refs:   Draw_Row
                                                   Segment part 30
                                                   Segment part 39
           ENTRY                   ADDRESS         REF BY
           =====                   =======         ======
           Color                   20002000 
           V_Trigg                 20002020        Segment part 34 (Files)
                                                   Update_Trig (Process)
                                                   main (Main)
    -------------------------------------------------------------------------
DATA_Z
  Relative segment, address: 20002EC0 - 2000327F (0x3c0 bytes), align: 2
  Segment part 16.            Intra module refs:   Draw_Row
                                                   Segment part 36
           ENTRY                   ADDRESS         REF BY
           =====                   =======         ======
           LCD_Buffer1             20002EC0 
           LCD_Buffer2             200030A0 
    -------------------------------------------------------------------------
CODE
  Relative segment, address: 0800CE3C - 0800CEAB (0x70 bytes), align: 2
  Segment part 27.
           ENTRY                   ADDRESS         REF BY
           =====                   =======         ======
           Print_Clk               0800CE3D        Save_Bmp (Files)
               stack 1 = 00000000 ( 0000001C )
    -------------------------------------------------------------------------
CODE
  Relative segment, address: 0800CEAC - 0800CF69 (0xbe bytes), align: 2
  Segment part 28.
           ENTRY                   ADDRESS         REF BY
           =====                   =======         ======
           Print_Str               0800CEAD        Calibrat (Calibrat)
                                                   Display_Meter (Menu)
                                                   Display_Title (Menu)
                                                   Display_Value (Menu)
                                                   Update_Battery (Menu)
                                                   main (Main)
               stack 1 = 00000000 ( 00000024 )
    -------------------------------------------------------------------------
CODE
  Relative segment, address: 0800CF6C - 0800CF6F (0x4 bytes), align: 2
  Segment part 29.            Intra module refs:   Print_Clk
                                                   Print_Str
    -------------------------------------------------------------------------
CODE
  Relative segment, address: 0800CF70 - 0800CF73 (0x4 bytes), align: 2
  Segment part 30.            Intra module refs:   Print_Clk
                                                   Print_Str
    -------------------------------------------------------------------------
CODE
  Relative segment, address: 0800CF74 - 0800CF77 (0x4 bytes), align: 2
  Segment part 31.            Intra module refs:   Print_Str
    -------------------------------------------------------------------------
CODE
  Relative segment, address: 0800CF78 - 0800CF7B (0x4 bytes), align: 2
  Segment part 32.            Intra module refs:   Print_Str
    -------------------------------------------------------------------------
CODE
  Relative segment, address: 0800CF7C - 0800D79F (0x824 bytes), align: 2
  Segment part 33.            Intra module refs:   Draw_Window
           ENTRY                   ADDRESS         REF BY
           =====                   =======         ======
           Draw_Row                0800CF7D 
               stack 1 = 00000000 ( 0000006C )
    -------------------------------------------------------------------------
CODE
  Relative segment, address: 0800D7A0 - 0800D7E3 (0x44 bytes), align: 2
  Segment part 34.
           ENTRY                   ADDRESS         REF BY
           =====                   =======         ======
           Draw_Window             0800D7A1        Synchro (Process)
               stack 1 = 00000000 ( 0000000C )
    -------------------------------------------------------------------------
CODE
  Relative segment, address: 0800D7E4 - 0800D7E7 (0x4 bytes), align: 2
  Segment part 35.            Intra module refs:   Draw_Window
    -------------------------------------------------------------------------
CODE
  Relative segment, address: 0800D7E8 - 0800D7EB (0x4 bytes), align: 2
  Segment part 36.            Intra module refs:   Draw_Window
    -------------------------------------------------------------------------
CODE
  Relative segment, address: 0800D7EC - 0800D907 (0x11c bytes), align: 2
  Segment part 37.            Intra module refs:   Update_Mark
           ENTRY                   ADDRESS         REF BY
           =====                   =======         ======
           Draw_Mark               0800D7ED 
               stack 1 = 00000000 ( 0000002C )
    -------------------------------------------------------------------------
CODE
  Relative segment, address: 0800D908 - 0800DB27 (0x220 bytes), align: 2
  Segment part 38.
           ENTRY                   ADDRESS         REF BY
           =====                   =======         ======
           Update_Mark             0800D909        main (Main)
               stack 1 = 00000000 ( 0000001C )
    -------------------------------------------------------------------------
CODE
  Relative segment, address: 0800DB28 - 0800DB2B (0x4 bytes), align: 2
  Segment part 39.            Intra module refs:   Draw_Mark
                                                   Update_Mark
    -------------------------------------------------------------------------
CODE
  Relative segment, address: 0800DB2C - 0800DB2F (0x4 bytes), align: 2
  Segment part 40.            Intra module refs:   Draw_Mark
                                                   Update_Mark
    -------------------------------------------------------------------------
CODE
  Relative segment, address: 0800DB30 - 0800DC7F (0x150 bytes), align: 2
  Segment part 41.
           ENTRY                   ADDRESS         REF BY
           =====                   =======         ======
           Update_View_Area        0800DB31        main (Main)
               stack 1 = 00000000 ( 0000001C )
    -------------------------------------------------------------------------
DATA_ID
  Relative segment, address: 08010498 - 080104C7 (0x30 bytes), align: 2
  Segment part 15.            Intra module refs:   Segment part 14
    -------------------------------------------------------------------------
INITTAB
  Relative segment, address: 08010480 - 0801048B (0xc bytes), align: 2
  Segment part 50. ROOT.
           ENTRY                   ADDRESS         REF BY
           =====                   =======         ======
           ?init?tab?DATA_Z        08010480 
    -------------------------------------------------------------------------
INITTAB
  Relative segment, address: 0801048C - 08010497 (0xc bytes), align: 2
  Segment part 52. ROOT.
           ENTRY                   ADDRESS         REF BY
           =====                   =======         ======
           ?init?tab?DATA_I        0801048C 

    *************************************************************************

  FILE NAME : D:\Design\DS203\PRG\APP_V2.35\IAR_V4_Prpject\Obj\Files.r79
  PROGRAM MODULE, NAME : Files

  SEGMENTS IN THE MODULE
  ======================
DATA_Z
  Relative segment, address: 20003280 - 2000347F (0x200 bytes), align: 2
  Segment part 9.             Intra module refs:   Segment part 17
                                                   Segment part 23
           ENTRY                   ADDRESS         REF BY
           =====                   =======         ======
           SecBuff                 20003280 
    -------------------------------------------------------------------------
DATA_I
  Relative segment, address: 20002030 - 20002523 (0x4f4 bytes), align: 2
  Segment part 5.             Intra module refs:   Open_File
                                                   Segment part 18
           ENTRY                   ADDRESS         REF BY
           =====                   =======         ======
           BMP_Color               2000203C 
           ClusterNum              20002068 
           DirSecNum               20002038 
           DiskStart               2000205C 
           FAT_Size16              20002034 
           FileBuff                20002074        CH_D_Data (Process)
           File_Addr               2000206C 
           File_Size               20002070 
           Hidden_Sec              20002060 
           Root_Addr               20002064 
           RsvdSecCnt              20002030 
           SecPerClus              20002036 
           SectorSize              20002032 
    -------------------------------------------------------------------------
CODE
  Relative segment, address: 0800DC80 - 0800DDE7 (0x168 bytes), align: 2
  Segment part 12.            Intra module refs:   Load_Dat
                                                   Save_Bmp
                                                   Save_Dat
           ENTRY                   ADDRESS         REF BY
           =====                   =======         ======
           Open_File               0800DC81 
               stack 1 = 00000000 ( 00000034 )
    -------------------------------------------------------------------------
CODE
  Relative segment, address: 0800DDE8 - 0800DE4F (0x68 bytes), align: 2
  Segment part 13.
           ENTRY                   ADDRESS         REF BY
           =====                   =======         ======
           Save_Dat                0800DDE9        main (Main)
               stack 1 = 00000000 ( 00000018 )
    -------------------------------------------------------------------------
CODE
  Relative segment, address: 0800DE50 - 0800DEA7 (0x58 bytes), align: 2
  Segment part 14.
           ENTRY                   ADDRESS         REF BY
           =====                   =======         ======
           Load_Dat                0800DE51        main (Main)
               stack 1 = 00000000 ( 00000008 )
    -------------------------------------------------------------------------
CODE
  Relative segment, address: 0800DEA8 - 0800DEAB (0x4 bytes), align: 2
  Segment part 15.            Intra module refs:   Load_Dat
                                                   Save_Dat
    -------------------------------------------------------------------------
CODE
  Relative segment, address: 0800DEAC - 0800DFAB (0x100 bytes), align: 2
  Segment part 16.
           ENTRY                   ADDRESS         REF BY
           =====                   =======         ======
           Save_Bmp                0800DEAD        main (Main)
               stack 1 = 00000000 ( 00000028 )
    -------------------------------------------------------------------------
CODE
  Relative segment, address: 0800DFAC - 0800DFAF (0x4 bytes), align: 2
  Segment part 17.            Intra module refs:   Open_File
                                                   Save_Bmp
                                                   Save_Dat
    -------------------------------------------------------------------------
CODE
  Relative segment, address: 0800DFB0 - 0800DFB3 (0x4 bytes), align: 2
  Segment part 18.            Intra module refs:   Load_Dat
                                                   Save_Bmp
                                                   Save_Dat
    -------------------------------------------------------------------------
CODE
  Relative segment, address: 0800DFB4 - 0800E083 (0xd0 bytes), align: 2
  Segment part 19.            Intra module refs:   Save_Bmp
           ENTRY                   ADDRESS         REF BY
           =====                   =======         ======
           Color_Num               0800DFB5 
    -------------------------------------------------------------------------
CODE
  Relative segment, address: 0800E084 - 0800E177 (0xf4 bytes), align: 2
  Segment part 20.
           ENTRY                   ADDRESS         REF BY
           =====                   =======         ======
           Load_Parameter          0800E085        Calibrat (Calibrat)
                                                   main (Main)
               stack 1 = 00000000 ( 00000010 )
    -------------------------------------------------------------------------
CODE
  Relative segment, address: 0800E178 - 0800E17B (0x4 bytes), align: 2
  Segment part 21.            Intra module refs:   Load_Parameter
                                                   Save_Dat
    -------------------------------------------------------------------------
CODE
  Relative segment, address: 0800E17C - 0800E27F (0x104 bytes), align: 2
  Segment part 22.
           ENTRY                   ADDRESS         REF BY
           =====                   =======         ======
           Save_Parameter          0800E17D        Calibrat (Calibrat)
                                                   main (Main)
               stack 1 = 00000000 ( 00000018 )
    -------------------------------------------------------------------------
CODE
  Relative segment, address: 0800E280 - 0800E283 (0x4 bytes), align: 2
  Segment part 23.            Intra module refs:   Load_Parameter
                                                   Save_Parameter
    -------------------------------------------------------------------------
CODE
  Relative segment, address: 0800E284 - 0800E287 (0x4 bytes), align: 2
  Segment part 24.            Intra module refs:   Load_Parameter
                                                   Save_Parameter
    -------------------------------------------------------------------------
CODE
  Relative segment, address: 0800E288 - 0800E28B (0x4 bytes), align: 2
  Segment part 25.            Intra module refs:   Load_Parameter
                                                   Save_Parameter
    -------------------------------------------------------------------------
CODE
  Relative segment, address: 0800E28C - 0800E28F (0x4 bytes), align: 2
  Segment part 26.            Intra module refs:   Save_Parameter
    -------------------------------------------------------------------------
CODE
  Relative segment, address: 0800E290 - 0800E293 (0x4 bytes), align: 2
  Segment part 27.            Intra module refs:   Load_Parameter
                                                   Save_Parameter
    -------------------------------------------------------------------------
CODE
  Relative segment, address: 0800E294 - 0800E297 (0x4 bytes), align: 2
  Segment part 28.            Intra module refs:   Load_Parameter
                                                   Save_Parameter
    -------------------------------------------------------------------------
CODE
  Relative segment, address: 0800E298 - 0800E29B (0x4 bytes), align: 2
  Segment part 29.            Intra module refs:   Load_Parameter
                                                   Save_Parameter
    -------------------------------------------------------------------------
CODE
  Relative segment, address: 0800E29C - 0800E29F (0x4 bytes), align: 2
  Segment part 30.            Intra module refs:   Load_Parameter
                                                   Save_Parameter
    -------------------------------------------------------------------------
CODE
  Relative segment, address: 0800E2A0 - 0800E2A3 (0x4 bytes), align: 2
  Segment part 31.            Intra module refs:   Load_Parameter
                                                   Save_Parameter
    -------------------------------------------------------------------------
CODE
  Relative segment, address: 0800E2A4 - 0800E2A7 (0x4 bytes), align: 2
  Segment part 32.            Intra module refs:   Load_Parameter
                                                   Save_Parameter
    -------------------------------------------------------------------------
CODE
  Relative segment, address: 0800E2A8 - 0800E2AB (0x4 bytes), align: 2
  Segment part 33.            Intra module refs:   Load_Parameter
                                                   Save_Parameter
    -------------------------------------------------------------------------
CODE
  Relative segment, address: 0800E2AC - 0800E2AF (0x4 bytes), align: 2
  Segment part 34.            Intra module refs:   Load_Parameter
                                                   Save_Parameter
    -------------------------------------------------------------------------
DATA_ID
  Relative segment, address: 080104C8 - 080109BB (0x4f4 bytes), align: 2
  Segment part 6.             Intra module refs:   Segment part 5
    -------------------------------------------------------------------------
DATA_C
  Relative segment, address: 080121F4 - 080121FF (0xc bytes), align: 2
  Segment part 2.             Intra module refs:   Open_File

    *************************************************************************

  FILE NAME : D:\Design\DS203\PRG\APP_V2.35\IAR_V4_Prpject\Obj\Function.r79
  PROGRAM MODULE, NAME : Function

  SEGMENTS IN THE MODULE
  ======================
CODE
  Relative segment, address: 0800E2B0 - 0800E2BF (0x10 bytes), align: 2
  Segment part 3.
           ENTRY                   ADDRESS         REF BY
           =====                   =======         ======
           Delayms                 0800E2B1        App_init (Process)
                                                   Balance (Calibrat)
                                                   Calibrat (Calibrat)
                                                   main (Main)
    -------------------------------------------------------------------------
CODE
  Relative segment, address: 0800E2C0 - 0800E437 (0x178 bytes), align: 2
  Segment part 4.
           ENTRY                   ADDRESS         REF BY
           =====                   =======         ======
           Int32String_sign        0800E2C1        Calibrat (Calibrat)
                                                   Display_Title (Menu)
                                                   Display_Value (Menu)
               stack 1 = 00000000 ( 00000020 )
    -------------------------------------------------------------------------
CODE
  Relative segment, address: 0800E438 - 0800E43B (0x4 bytes), align: 2
  Segment part 6.             Intra module refs:   Int32String_sign
    -------------------------------------------------------------------------
CODE
  Relative segment, address: 0800E43C - 0800E43F (0x4 bytes), align: 2
  Segment part 7.             Intra module refs:   Int32String_sign
    -------------------------------------------------------------------------
CODE
  Relative segment, address: 0800E440 - 0800E443 (0x4 bytes), align: 2
  Segment part 8.             Intra module refs:   Int32String_sign
    -------------------------------------------------------------------------
CODE
  Relative segment, address: 0800E444 - 0800E447 (0x4 bytes), align: 2
  Segment part 9.             Intra module refs:   Int32String_sign
    -------------------------------------------------------------------------
CODE
  Relative segment, address: 0800E448 - 0800E44B (0x4 bytes), align: 2
  Segment part 10.            Intra module refs:   Int32String_sign
    -------------------------------------------------------------------------
CODE
  Relative segment, address: 0800E44C - 0800E44F (0x4 bytes), align: 2
  Segment part 13.            Intra module refs:   Int32String_sign
    -------------------------------------------------------------------------
CODE
  Relative segment, address: 0800E450 - 0800E483 (0x34 bytes), align: 2
  Segment part 14.
           ENTRY                   ADDRESS         REF BY
           =====                   =======         ======
           u8ToDec3                0800E451        Display_Title (Menu)
                                                   Open_File (Files)
               stack 1 = 00000000 ( 00000004 )
    -------------------------------------------------------------------------
CODE
  Relative segment, address: 0800E484 - 0800E4AD (0x2a bytes), align: 2
  Segment part 15.
           ENTRY                   ADDRESS         REF BY
           =====                   =======         ======
           u8ToDec2                0800E485        Display_Title (Menu)
                                                   Display_Value (Menu)
               stack 1 = 00000000 ( 00000004 )
    -------------------------------------------------------------------------
CODE
  Relative segment, address: 0800E4B0 - 0800E4CF (0x20 bytes), align: 2
  Segment part 18.
           ENTRY                   ADDRESS         REF BY
           =====                   =======         ======
           Int_sqrt                0800E4B1        Synchro (Process)
               stack 1 = 00000000 ( 00000008 )
    -------------------------------------------------------------------------
CODE
  Relative segment, address: 0800E4D0 - 0800E56B (0x9c bytes), align: 2
  Segment part 19.
           ENTRY                   ADDRESS         REF BY
           =====                   =======         ======
           Read_Keys               0800E4D1        TIM3_IRQHandler (Interrupt)
               stack 1 = 00000000 ( 0000001C )

    *************************************************************************

  FILE NAME : D:\Design\DS203\PRG\APP_V2.35\IAR_V4_Prpject\Obj\Ident.r79
    *************************************************************************

  FILE NAME : D:\Design\DS203\PRG\APP_V2.35\IAR_V4_Prpject\Obj\Interrupt.r79
  PROGRAM MODULE, NAME : Interrupt

  SEGMENTS IN THE MODULE
  ======================
DATA_Z
  Relative segment, address: 20003480 - 20003493 (0x14 bytes), align: 2
  Segment part 2.             Intra module refs:   TIM3_IRQHandler
           ENTRY                   ADDRESS         REF BY
           =====                   =======         ======
           Beep_mS                 2000348A        Calibrat (Calibrat)
                                                   main (Main)
           Blink                   20003487        Calibrat (Calibrat)
                                                   Segment part 56 (Menu)
                                                   Segment part 65 (Menu)
                                                   main (Main)
           Cnt_20mS                20003485 
           Cnt_mS                  20003484 
           Cursor_Cnt              20003480 
           Delay_Cnt               20003488        Delayms (Function)
                                                   main (Main)
           Key_Buffer              20003483        Calibrat (Calibrat)
                                                   main (Main)
           Key_Repeat_Cnt          20003482        Read_Keys (Function)
           Key_Wait_Cnt            20003481        Read_Keys (Function)
           PD_Cnt                  2000348E        App_init (Process)
                                                   Calibrat (Calibrat)
                                                   main (Main)
           Sec_Cnt                 2000348C        main (Main)
           Twink                   20003486        Calibrat (Calibrat)
                                                   Segment part 57 (Menu)
                                                   Segment part 66 (Menu)
           Wait_Cnt                20003490        Segment part 25 (Process)
                                                   Segment part 40 (Process)
    -------------------------------------------------------------------------
DATA_Z
  Relative segment, address: 2000794C - 2000794D (0x2 bytes), align: 1
  Segment part 6.
           ENTRY                   ADDRESS         REF BY
           =====                   =======         ======
           Key_Status_Last         2000794C        Read_Keys (Function)
    -------------------------------------------------------------------------
CODE
  Relative segment, address: 0800E56C - 0800E56D (0x2 bytes), align: 2
  Segment part 7.
           ENTRY                   ADDRESS         REF BY
           =====                   =======         ======
           NMIException            0800E56D        __vector_table (stm32f10x_vector)
    -------------------------------------------------------------------------
CODE
  Relative segment, address: 0800E570 - 0800E571 (0x2 bytes), align: 2
  Segment part 8.
           ENTRY                   ADDRESS         REF BY
           =====                   =======         ======
           HardFaultException      0800E571        __vector_table (stm32f10x_vector)
    -------------------------------------------------------------------------
CODE
  Relative segment, address: 0800E574 - 0800E575 (0x2 bytes), align: 2
  Segment part 9.
           ENTRY                   ADDRESS         REF BY
           =====                   =======         ======
           MemManageException      0800E575        __vector_table (stm32f10x_vector)
    -------------------------------------------------------------------------
CODE
  Relative segment, address: 0800E578 - 0800E579 (0x2 bytes), align: 2
  Segment part 10.
           ENTRY                   ADDRESS         REF BY
           =====                   =======         ======
           BusFaultException       0800E579        __vector_table (stm32f10x_vector)
    -------------------------------------------------------------------------
CODE
  Relative segment, address: 0800E57C - 0800E57D (0x2 bytes), align: 2
  Segment part 11.
           ENTRY                   ADDRESS         REF BY
           =====                   =======         ======
           UsageFaultException     0800E57D        __vector_table (stm32f10x_vector)
    -------------------------------------------------------------------------
CODE
  Relative segment, address: 0800E580 - 0800E581 (0x2 bytes), align: 2
  Segment part 12.
           ENTRY                   ADDRESS         REF BY
           =====                   =======         ======
           DebugMonitor            0800E581        __vector_table (stm32f10x_vector)
    -------------------------------------------------------------------------
CODE
  Relative segment, address: 0800E584 - 0800E585 (0x2 bytes), align: 2
  Segment part 13.
           ENTRY                   ADDRESS         REF BY
           =====                   =======         ======
           SVCHandler              0800E585        __vector_table (stm32f10x_vector)
    -------------------------------------------------------------------------
CODE
  Relative segment, address: 0800E588 - 0800E589 (0x2 bytes), align: 2
  Segment part 14.
           ENTRY                   ADDRESS         REF BY
           =====                   =======         ======
           PendSVC                 0800E589        __vector_table (stm32f10x_vector)
    -------------------------------------------------------------------------
CODE
  Relative segment, address: 0800E58C - 0800E58D (0x2 bytes), align: 2
  Segment part 15.
           ENTRY                   ADDRESS         REF BY
           =====                   =======         ======
           SysTickHandler          0800E58D        __vector_table (stm32f10x_vector)
    -------------------------------------------------------------------------
CODE
  Relative segment, address: 0800E590 - 0800E591 (0x2 bytes), align: 2
  Segment part 16.
           ENTRY                   ADDRESS         REF BY
           =====                   =======         ======
           WWDG_IRQHandler         0800E591        __vector_table (stm32f10x_vector)
    -------------------------------------------------------------------------
CODE
  Relative segment, address: 0800E594 - 0800E595 (0x2 bytes), align: 2
  Segment part 17.
           ENTRY                   ADDRESS         REF BY
           =====                   =======         ======
           PVD_IRQHandler          0800E595        __vector_table (stm32f10x_vector)
    -------------------------------------------------------------------------
CODE
  Relative segment, address: 0800E598 - 0800E599 (0x2 bytes), align: 2
  Segment part 18.
           ENTRY                   ADDRESS         REF BY
           =====                   =======         ======
           TAMPER_IRQHandler       0800E599        __vector_table (stm32f10x_vector)
    -------------------------------------------------------------------------
CODE
  Relative segment, address: 0800E59C - 0800E59D (0x2 bytes), align: 2
  Segment part 19.
           ENTRY                   ADDRESS         REF BY
           =====                   =======         ======
           RTC_IRQHandler          0800E59D        __vector_table (stm32f10x_vector)
    -------------------------------------------------------------------------
CODE
  Relative segment, address: 0800E5A0 - 0800E5A1 (0x2 bytes), align: 2
  Segment part 20.
           ENTRY                   ADDRESS         REF BY
           =====                   =======         ======
           FLASH_IRQHandler        0800E5A1        __vector_table (stm32f10x_vector)
    -------------------------------------------------------------------------
CODE
  Relative segment, address: 0800E5A4 - 0800E5A5 (0x2 bytes), align: 2
  Segment part 21.
           ENTRY                   ADDRESS         REF BY
           =====                   =======         ======
           RCC_IRQHandler          0800E5A5        __vector_table (stm32f10x_vector)
    -------------------------------------------------------------------------
CODE
  Relative segment, address: 0800E5A8 - 0800E5A9 (0x2 bytes), align: 2
  Segment part 22.
           ENTRY                   ADDRESS         REF BY
           =====                   =======         ======
           EXTI0_IRQHandler        0800E5A9        __vector_table (stm32f10x_vector)
    -------------------------------------------------------------------------
CODE
  Relative segment, address: 0800E5AC - 0800E5AD (0x2 bytes), align: 2
  Segment part 23.
           ENTRY                   ADDRESS         REF BY
           =====                   =======         ======
           EXTI1_IRQHandler        0800E5AD        __vector_table (stm32f10x_vector)
    -------------------------------------------------------------------------
CODE
  Relative segment, address: 0800E5B0 - 0800E5B1 (0x2 bytes), align: 2
  Segment part 24.
           ENTRY                   ADDRESS         REF BY
           =====                   =======         ======
           EXTI2_IRQHandler        0800E5B1        __vector_table (stm32f10x_vector)
    -------------------------------------------------------------------------
CODE
  Relative segment, address: 0800E5B4 - 0800E5B5 (0x2 bytes), align: 2
  Segment part 25.
           ENTRY                   ADDRESS         REF BY
           =====                   =======         ======
           EXTI3_IRQHandler        0800E5B5        __vector_table (stm32f10x_vector)
    -------------------------------------------------------------------------
CODE
  Relative segment, address: 0800E5B8 - 0800E5B9 (0x2 bytes), align: 2
  Segment part 26.
           ENTRY                   ADDRESS         REF BY
           =====                   =======         ======
           EXTI4_IRQHandler        0800E5B9        __vector_table (stm32f10x_vector)
    -------------------------------------------------------------------------
CODE
  Relative segment, address: 0800E5BC - 0800E5BD (0x2 bytes), align: 2
  Segment part 27.
           ENTRY                   ADDRESS         REF BY
           =====                   =======         ======
           DMA1_Channel1_IRQHandler
                                   0800E5BD        __vector_table (stm32f10x_vector)
    -------------------------------------------------------------------------
CODE
  Relative segment, address: 0800E5C0 - 0800E5C1 (0x2 bytes), align: 2
  Segment part 28.
           ENTRY                   ADDRESS         REF BY
           =====                   =======         ======
           DMA1_Channel2_IRQHandler
                                   0800E5C1        __vector_table (stm32f10x_vector)
    -------------------------------------------------------------------------
CODE
  Relative segment, address: 0800E5C4 - 0800E5C5 (0x2 bytes), align: 2
  Segment part 29.
           ENTRY                   ADDRESS         REF BY
           =====                   =======         ======
           DMA1_Channel3_IRQHandler
                                   0800E5C5        __vector_table (stm32f10x_vector)
    -------------------------------------------------------------------------
CODE
  Relative segment, address: 0800E5C8 - 0800E5C9 (0x2 bytes), align: 2
  Segment part 30.
           ENTRY                   ADDRESS         REF BY
           =====                   =======         ======
           DMA1_Channel4_IRQHandler
                                   0800E5C9        __vector_table (stm32f10x_vector)
    -------------------------------------------------------------------------
CODE
  Relative segment, address: 0800E5CC - 0800E5CD (0x2 bytes), align: 2
  Segment part 31.
           ENTRY                   ADDRESS         REF BY
           =====                   =======         ======
           DMA1_Channel5_IRQHandler
                                   0800E5CD        __vector_table (stm32f10x_vector)
    -------------------------------------------------------------------------
CODE
  Relative segment, address: 0800E5D0 - 0800E5D1 (0x2 bytes), align: 2
  Segment part 32.
           ENTRY                   ADDRESS         REF BY
           =====                   =======         ======
           DMA1_Channel6_IRQHandler
                                   0800E5D1        __vector_table (stm32f10x_vector)
    -------------------------------------------------------------------------
CODE
  Relative segment, address: 0800E5D4 - 0800E5D5 (0x2 bytes), align: 2
  Segment part 33.
           ENTRY                   ADDRESS         REF BY
           =====                   =======         ======
           DMA1_Channel7_IRQHandler
                                   0800E5D5        __vector_table (stm32f10x_vector)
    -------------------------------------------------------------------------
CODE
  Relative segment, address: 0800E5D8 - 0800E5D9 (0x2 bytes), align: 2
  Segment part 34.
           ENTRY                   ADDRESS         REF BY
           =====                   =======         ======
           ADC1_2_IRQHandler       0800E5D9        __vector_table (stm32f10x_vector)
    -------------------------------------------------------------------------
CODE
  Relative segment, address: 0800E5DC - 0800E5DF (0x4 bytes), align: 2
  Segment part 35.
           ENTRY                   ADDRESS         REF BY
           =====                   =======         ======
           USB_HP_CAN_TX_IRQHandler
                                   0800E5DD        __vector_table (stm32f10x_vector)
               stack 1 = 00000000 ( 00000004 )
    -------------------------------------------------------------------------
CODE
  Relative segment, address: 0800E5E0 - 0800E5E3 (0x4 bytes), align: 2
  Segment part 36.
           ENTRY                   ADDRESS         REF BY
           =====                   =======         ======
           USB_LP_CAN_RX0_IRQHandler
                                   0800E5E1        __vector_table (stm32f10x_vector)
               stack 1 = 00000000 ( 00000004 )
    -------------------------------------------------------------------------
CODE
  Relative segment, address: 0800E5E4 - 0800E5E5 (0x2 bytes), align: 2
  Segment part 37.
           ENTRY                   ADDRESS         REF BY
           =====                   =======         ======
           CAN_RX1_IRQHandler      0800E5E5        __vector_table (stm32f10x_vector)
    -------------------------------------------------------------------------
CODE
  Relative segment, address: 0800E5E8 - 0800E5E9 (0x2 bytes), align: 2
  Segment part 38.
           ENTRY                   ADDRESS         REF BY
           =====                   =======         ======
           CAN_SCE_IRQHandler      0800E5E9        __vector_table (stm32f10x_vector)
    -------------------------------------------------------------------------
CODE
  Relative segment, address: 0800E5EC - 0800E5ED (0x2 bytes), align: 2
  Segment part 39.
           ENTRY                   ADDRESS         REF BY
           =====                   =======         ======
           EXTI9_5_IRQHandler      0800E5ED        __vector_table (stm32f10x_vector)
    -------------------------------------------------------------------------
CODE
  Relative segment, address: 0800E5F0 - 0800E5F1 (0x2 bytes), align: 2
  Segment part 40.
           ENTRY                   ADDRESS         REF BY
           =====                   =======         ======
           TIM1_BRK_IRQHandler     0800E5F1        __vector_table (stm32f10x_vector)
    -------------------------------------------------------------------------
CODE
  Relative segment, address: 0800E5F4 - 0800E5F5 (0x2 bytes), align: 2
  Segment part 41.
           ENTRY                   ADDRESS         REF BY
           =====                   =======         ======
           TIM1_UP_IRQHandler      0800E5F5        __vector_table (stm32f10x_vector)
    -------------------------------------------------------------------------
CODE
  Relative segment, address: 0800E5F8 - 0800E5F9 (0x2 bytes), align: 2
  Segment part 42.
           ENTRY                   ADDRESS         REF BY
           =====                   =======         ======
           TIM1_TRG_COM_IRQHandler
                                   0800E5F9        __vector_table (stm32f10x_vector)
    -------------------------------------------------------------------------
CODE
  Relative segment, address: 0800E5FC - 0800E5FD (0x2 bytes), align: 2
  Segment part 43.
           ENTRY                   ADDRESS         REF BY
           =====                   =======         ======
           TIM1_CC_IRQHandler      0800E5FD        __vector_table (stm32f10x_vector)
    -------------------------------------------------------------------------
CODE
  Relative segment, address: 0800E600 - 0800E601 (0x2 bytes), align: 2
  Segment part 44.
           ENTRY                   ADDRESS         REF BY
           =====                   =======         ======
           TIM2_IRQHandler         0800E601        __vector_table (stm32f10x_vector)
    -------------------------------------------------------------------------
CODE
  Relative segment, address: 0800E604 - 0800E6D7 (0xd4 bytes), align: 2
  Segment part 45.
           ENTRY                   ADDRESS         REF BY
           =====                   =======         ======
           TIM3_IRQHandler         0800E605        __vector_table (stm32f10x_vector)
               stack 1 = 00000000 ( 0000000C )
    -------------------------------------------------------------------------
CODE
  Relative segment, address: 0800E6D8 - 0800E6D9 (0x2 bytes), align: 2
  Segment part 46.
           ENTRY                   ADDRESS         REF BY
           =====                   =======         ======
           TIM4_IRQHandler         0800E6D9        __vector_table (stm32f10x_vector)
    -------------------------------------------------------------------------
CODE
  Relative segment, address: 0800E6DC - 0800E6DD (0x2 bytes), align: 2
  Segment part 47.
           ENTRY                   ADDRESS         REF BY
           =====                   =======         ======
           I2C1_EV_IRQHandler      0800E6DD        __vector_table (stm32f10x_vector)
    -------------------------------------------------------------------------
CODE
  Relative segment, address: 0800E6E0 - 0800E6E1 (0x2 bytes), align: 2
  Segment part 48.
           ENTRY                   ADDRESS         REF BY
           =====                   =======         ======
           I2C1_ER_IRQHandler      0800E6E1        __vector_table (stm32f10x_vector)
    -------------------------------------------------------------------------
CODE
  Relative segment, address: 0800E6E4 - 0800E6E5 (0x2 bytes), align: 2
  Segment part 49.
           ENTRY                   ADDRESS         REF BY
           =====                   =======         ======
           I2C2_EV_IRQHandler      0800E6E5        __vector_table (stm32f10x_vector)
    -------------------------------------------------------------------------
CODE
  Relative segment, address: 0800E6E8 - 0800E6E9 (0x2 bytes), align: 2
  Segment part 50.
           ENTRY                   ADDRESS         REF BY
           =====                   =======         ======
           I2C2_ER_IRQHandler      0800E6E9        __vector_table (stm32f10x_vector)
    -------------------------------------------------------------------------
CODE
  Relative segment, address: 0800E6EC - 0800E6ED (0x2 bytes), align: 2
  Segment part 51.
           ENTRY                   ADDRESS         REF BY
           =====                   =======         ======
           SPI1_IRQHandler         0800E6ED        __vector_table (stm32f10x_vector)
    -------------------------------------------------------------------------
CODE
  Relative segment, address: 0800E6F0 - 0800E6F1 (0x2 bytes), align: 2
  Segment part 52.
           ENTRY                   ADDRESS         REF BY
           =====                   =======         ======
           SPI2_IRQHandler         0800E6F1        __vector_table (stm32f10x_vector)
    -------------------------------------------------------------------------
CODE
  Relative segment, address: 0800E6F4 - 0800E6F5 (0x2 bytes), align: 2
  Segment part 53.
           ENTRY                   ADDRESS         REF BY
           =====                   =======         ======
           USART1_IRQHandler       0800E6F5        __vector_table (stm32f10x_vector)
    -------------------------------------------------------------------------
CODE
  Relative segment, address: 0800E6F8 - 0800E6F9 (0x2 bytes), align: 2
  Segment part 54.
           ENTRY                   ADDRESS         REF BY
           =====                   =======         ======
           USART2_IRQHandler       0800E6F9        __vector_table (stm32f10x_vector)
    -------------------------------------------------------------------------
CODE
  Relative segment, address: 0800E6FC - 0800E6FD (0x2 bytes), align: 2
  Segment part 55.
           ENTRY                   ADDRESS         REF BY
           =====                   =======         ======
           USART3_IRQHandler       0800E6FD        __vector_table (stm32f10x_vector)
    -------------------------------------------------------------------------
CODE
  Relative segment, address: 0800E700 - 0800E701 (0x2 bytes), align: 2
  Segment part 56.
           ENTRY                   ADDRESS         REF BY
           =====                   =======         ======
           EXTI15_10_IRQHandler    0800E701        __vector_table (stm32f10x_vector)
    -------------------------------------------------------------------------
CODE
  Relative segment, address: 0800E704 - 0800E705 (0x2 bytes), align: 2
  Segment part 57.
           ENTRY                   ADDRESS         REF BY
           =====                   =======         ======
           RTCAlarm_IRQHandler     0800E705        __vector_table (stm32f10x_vector)
    -------------------------------------------------------------------------
CODE
  Relative segment, address: 0800E708 - 0800E709 (0x2 bytes), align: 2
  Segment part 58.
           ENTRY                   ADDRESS         REF BY
           =====                   =======         ======
           USBWakeUp_IRQHandler    0800E709        __vector_table (stm32f10x_vector)
    -------------------------------------------------------------------------
CODE
  Relative segment, address: 0800E70C - 0800E70D (0x2 bytes), align: 2
  Segment part 59.
           ENTRY                   ADDRESS         REF BY
           =====                   =======         ======
           TIM8_BRK_IRQHandler     0800E70D        __vector_table (stm32f10x_vector)
    -------------------------------------------------------------------------
CODE
  Relative segment, address: 0800E710 - 0800E711 (0x2 bytes), align: 2
  Segment part 60.
           ENTRY                   ADDRESS         REF BY
           =====                   =======         ======
           TIM8_UP_IRQHandler      0800E711        __vector_table (stm32f10x_vector)
    -------------------------------------------------------------------------
CODE
  Relative segment, address: 0800E714 - 0800E715 (0x2 bytes), align: 2
  Segment part 61.
           ENTRY                   ADDRESS         REF BY
           =====                   =======         ======
           TIM8_TRG_COM_IRQHandler
                                   0800E715        __vector_table (stm32f10x_vector)
    -------------------------------------------------------------------------
CODE
  Relative segment, address: 0800E718 - 0800E719 (0x2 bytes), align: 2
  Segment part 62.
           ENTRY                   ADDRESS         REF BY
           =====                   =======         ======
           TIM8_CC_IRQHandler      0800E719        __vector_table (stm32f10x_vector)
    -------------------------------------------------------------------------
CODE
  Relative segment, address: 0800E71C - 0800E71D (0x2 bytes), align: 2
  Segment part 63.
           ENTRY                   ADDRESS         REF BY
           =====                   =======         ======
           ADC3_IRQHandler         0800E71D        __vector_table (stm32f10x_vector)
    -------------------------------------------------------------------------
CODE
  Relative segment, address: 0800E720 - 0800E721 (0x2 bytes), align: 2
  Segment part 64.
           ENTRY                   ADDRESS         REF BY
           =====                   =======         ======
           FSMC_IRQHandler         0800E721        __vector_table (stm32f10x_vector)
    -------------------------------------------------------------------------
CODE
  Relative segment, address: 0800E724 - 0800E725 (0x2 bytes), align: 2
  Segment part 65.
           ENTRY                   ADDRESS         REF BY
           =====                   =======         ======
           SDIO_IRQHandler         0800E725        __vector_table (stm32f10x_vector)
    -------------------------------------------------------------------------
CODE
  Relative segment, address: 0800E728 - 0800E729 (0x2 bytes), align: 2
  Segment part 66.
           ENTRY                   ADDRESS         REF BY
           =====                   =======         ======
           TIM5_IRQHandler         0800E729        __vector_table (stm32f10x_vector)
    -------------------------------------------------------------------------
CODE
  Relative segment, address: 0800E72C - 0800E72D (0x2 bytes), align: 2
  Segment part 67.
           ENTRY                   ADDRESS         REF BY
           =====                   =======         ======
           SPI3_IRQHandler         0800E72D        __vector_table (stm32f10x_vector)
    -------------------------------------------------------------------------
CODE
  Relative segment, address: 0800E730 - 0800E731 (0x2 bytes), align: 2
  Segment part 68.
           ENTRY                   ADDRESS         REF BY
           =====                   =======         ======
           UART4_IRQHandler        0800E731        __vector_table (stm32f10x_vector)
    -------------------------------------------------------------------------
CODE
  Relative segment, address: 0800E734 - 0800E735 (0x2 bytes), align: 2
  Segment part 69.
           ENTRY                   ADDRESS         REF BY
           =====                   =======         ======
           UART5_IRQHandler        0800E735        __vector_table (stm32f10x_vector)
    -------------------------------------------------------------------------
CODE
  Relative segment, address: 0800E738 - 0800E739 (0x2 bytes), align: 2
  Segment part 70.
           ENTRY                   ADDRESS         REF BY
           =====                   =======         ======
           TIM6_IRQHandler         0800E739        __vector_table (stm32f10x_vector)
    -------------------------------------------------------------------------
CODE
  Relative segment, address: 0800E73C - 0800E73D (0x2 bytes), align: 2
  Segment part 71.
           ENTRY                   ADDRESS         REF BY
           =====                   =======         ======
           TIM7_IRQHandler         0800E73D        __vector_table (stm32f10x_vector)
    -------------------------------------------------------------------------
CODE
  Relative segment, address: 0800E740 - 0800E741 (0x2 bytes), align: 2
  Segment part 72.
           ENTRY                   ADDRESS         REF BY
           =====                   =======         ======
           DMA2_Channel1_IRQHandler
                                   0800E741        __vector_table (stm32f10x_vector)
    -------------------------------------------------------------------------
CODE
  Relative segment, address: 0800E744 - 0800E745 (0x2 bytes), align: 2
  Segment part 73.
           ENTRY                   ADDRESS         REF BY
           =====                   =======         ======
           DMA2_Channel2_IRQHandler
                                   0800E745        __vector_table (stm32f10x_vector)
    -------------------------------------------------------------------------
CODE
  Relative segment, address: 0800E748 - 0800E749 (0x2 bytes), align: 2
  Segment part 74.
           ENTRY                   ADDRESS         REF BY
           =====                   =======         ======
           DMA2_Channel3_IRQHandler
                                   0800E749        __vector_table (stm32f10x_vector)
    -------------------------------------------------------------------------
CODE
  Relative segment, address: 0800E74C - 0800E74D (0x2 bytes), align: 2
  Segment part 75.
           ENTRY                   ADDRESS         REF BY
           =====                   =======         ======
           DMA2_Channel4_5_IRQHandler
                                   0800E74D        __vector_table (stm32f10x_vector)

    *************************************************************************

  FILE NAME : D:\Design\DS203\PRG\APP_V2.35\IAR_V4_Prpject\Obj\Main.r79
  PROGRAM MODULE, NAME : Main

  SEGMENTS IN THE MODULE
  ======================
DATA_C
  Relative segment, address: 08012200 - 08012287 (0x88 bytes), align: 2
  Segment part 2.             Intra module refs:   main
    -------------------------------------------------------------------------
CODE
  Relative segment, address: 0800E750 - 0800EFAB (0x85c bytes), align: 2
  Segment part 4.
           ENTRY                   ADDRESS         REF BY
           =====                   =======         ======
           main                    0800E751        _main (?CMAIN)
               stack 1 = 00000000 ( 00000044 )

    *************************************************************************

  FILE NAME : D:\Design\DS203\PRG\APP_V2.35\IAR_V4_Prpject\Obj\Menu.r79
  PROGRAM MODULE, NAME : Menu

  SEGMENTS IN THE MODULE
  ======================
DATA_C
  Relative segment, address: 08012288 - 0801229B (0x14 bytes), align: 2
  Segment part 3.             Intra module refs:   Display_Value
                                                   Segment part 20
           ENTRY                   ADDRESS         REF BY
           =====                   =======         ======
           Y_COLOR                 08012288 
    -------------------------------------------------------------------------
DATA_C
  Relative segment, address: 0801229C - 080122AF (0x14 bytes), align: 2
  Segment part 8.             Intra module refs:   Segment part 20
           ENTRY                   ADDRESS         REF BY
           =====                   =======         ======
           STATESTR                0801229C 
    -------------------------------------------------------------------------
DATA_C
  Relative segment, address: 080122B0 - 080122B3 (0x4 bytes), align: 2
  Segment part 9.             Intra module refs:   Segment part 20
           ENTRY                   ADDRESS         REF BY
           =====                   =======         ======
           S_Inv                   080122B0 
    -------------------------------------------------------------------------
DATA_C
  Relative segment, address: 080122B4 - 080122E7 (0x34 bytes), align: 2
  Segment part 10.            Intra module refs:   Segment part 20
           ENTRY                   ADDRESS         REF BY
           =====                   =======         ======
           BATT_STR                080122B4 
    -------------------------------------------------------------------------
DATA_C
  Relative segment, address: 080122E8 - 080122F3 (0xc bytes), align: 2
  Segment part 11.            Intra module refs:   Segment part 20
           ENTRY                   ADDRESS         REF BY
           =====                   =======         ======
           B_COLOR                 080122E8 
    -------------------------------------------------------------------------
DATA_C
  Relative segment, address: 080122F4 - 08012307 (0x14 bytes), align: 2
  Segment part 12.            Intra module refs:   Segment part 20
           ENTRY                   ADDRESS         REF BY
           =====                   =======         ======
           CH_A_STR                080122F4 
    -------------------------------------------------------------------------
DATA_C
  Relative segment, address: 08012308 - 0801231B (0x14 bytes), align: 2
  Segment part 13.            Intra module refs:   Segment part 20
           ENTRY                   ADDRESS         REF BY
           =====                   =======         ======
           CH_B_STR                08012308 
    -------------------------------------------------------------------------
DATA_C
  Relative segment, address: 0801231C - 0801232F (0x14 bytes), align: 2
  Segment part 14.            Intra module refs:   Segment part 20
           ENTRY                   ADDRESS         REF BY
           =====                   =======         ======
           CH_C_STR                0801231C 
    -------------------------------------------------------------------------
DATA_C
  Relative segment, address: 08012330 - 08012393 (0x64 bytes), align: 2
  Segment part 15.            Intra module refs:   Segment part 20
           ENTRY                   ADDRESS         REF BY
           =====                   =======         ======
           CH_D_STR                08012330 
    -------------------------------------------------------------------------
DATA_C
  Relative segment, address: 08012394 - 0801239B (0x8 bytes), align: 2
  Segment part 16.            Intra module refs:   Segment part 20
           ENTRY                   ADDRESS         REF BY
           =====                   =======         ======
           NO_RANGE                08012394 
    -------------------------------------------------------------------------
DATA_C
  Relative segment, address: 0801239C - 080123A3 (0x8 bytes), align: 2
  Segment part 17.            Intra module refs:   Segment part 20
           ENTRY                   ADDRESS         REF BY
           =====                   =======         ======
           NO_DEF                  0801239C 
    -------------------------------------------------------------------------
DATA_C
  Relative segment, address: 080123A4 - 080123C3 (0x20 bytes), align: 2
  Segment part 18.            Intra module refs:   Segment part 20
           ENTRY                   ADDRESS         REF BY
           =====                   =======         ======
           YCOUPLE                 080123A4 
    -------------------------------------------------------------------------
DATA_C
  Relative segment, address: 080123C4 - 080123CB (0x8 bytes), align: 2
  Segment part 21.            Intra module refs:   Segment part 20
           ENTRY                   ADDRESS         REF BY
           =====                   =======         ======
           YPOSISTR                080123C4 
    -------------------------------------------------------------------------
DATA_C
  Relative segment, address: 080123CC - 080123D7 (0xc bytes), align: 2
  Segment part 22.            Intra module refs:   Display_Meter
                                                   Segment part 20
           ENTRY                   ADDRESS         REF BY
           =====                   =======         ======
           Y_INV                   080123CC 
    -------------------------------------------------------------------------
DATA_C
  Relative segment, address: 080123D8 - 0801240B (0x34 bytes), align: 2
  Segment part 23.            Intra module refs:   Segment part 20
           ENTRY                   ADDRESS         REF BY
           =====                   =======         ======
           MODESTR                 080123D8 
    -------------------------------------------------------------------------
DATA_C
  Relative segment, address: 0801240C - 08012413 (0x8 bytes), align: 2
  Segment part 24.            Intra module refs:   Segment part 20
           ENTRY                   ADDRESS         REF BY
           =====                   =======         ======
           XPOSISTR                0801240C 
    -------------------------------------------------------------------------
DATA_C
  Relative segment, address: 08012414 - 08012417 (0x4 bytes), align: 2
  Segment part 25.            Intra module refs:   Segment part 20
           ENTRY                   ADDRESS         REF BY
           =====                   =======         ======
           XCOLOR                  08012414 
    -------------------------------------------------------------------------
DATA_C
  Relative segment, address: 08012418 - 0801243F (0x28 bytes), align: 2
  Segment part 26.            Intra module refs:   Segment part 20
           ENTRY                   ADDRESS         REF BY
           =====                   =======         ======
           FO_TYPE                 08012418 
    -------------------------------------------------------------------------
DATA_C
  Relative segment, address: 08012440 - 08012507 (0xc8 bytes), align: 2
  Segment part 27.            Intra module refs:   Segment part 20
           ENTRY                   ADDRESS         REF BY
           =====                   =======         ======
           FO_STR                  08012440 
    -------------------------------------------------------------------------
DATA_C
  Relative segment, address: 08012508 - 0801250B (0x4 bytes), align: 2
  Segment part 28.            Intra module refs:   Segment part 20
           ENTRY                   ADDRESS         REF BY
           =====                   =======         ======
           O_COLOR                 08012508 
    -------------------------------------------------------------------------
DATA_C
  Relative segment, address: 0801250C - 0801255B (0x50 bytes), align: 2
  Segment part 29.            Intra module refs:   Segment part 20
           ENTRY                   ADDRESS         REF BY
           =====                   =======         ======
           TRIGSTR                 0801250C 
    -------------------------------------------------------------------------
DATA_C
  Relative segment, address: 0801255C - 080125AB (0x50 bytes), align: 2
  Segment part 30.            Intra module refs:   Segment part 20
           ENTRY                   ADDRESS         REF BY
           =====                   =======         ======
           TR_TYPE                 0801255C 
    -------------------------------------------------------------------------
DATA_C
  Relative segment, address: 080125AC - 080125B7 (0xc bytes), align: 2
  Segment part 31.            Intra module refs:   Segment part 20
           ENTRY                   ADDRESS         REF BY
           =====                   =======         ======
           VT_STR                  080125AC 
    -------------------------------------------------------------------------
DATA_C
  Relative segment, address: 080125B8 - 080125BF (0x8 bytes), align: 2
  Segment part 32.            Intra module refs:   Segment part 20
           ENTRY                   ADDRESS         REF BY
           =====                   =======         ======
           VERNIE1                 080125B8 
    -------------------------------------------------------------------------
DATA_C
  Relative segment, address: 080125C0 - 080125C7 (0x8 bytes), align: 2
  Segment part 33.            Intra module refs:   Segment part 20
           ENTRY                   ADDRESS         REF BY
           =====                   =======         ======
           VERNIE2                 080125C0 
    -------------------------------------------------------------------------
DATA_C
  Relative segment, address: 080125C8 - 080125CF (0x8 bytes), align: 2
  Segment part 34.            Intra module refs:   Segment part 20
           ENTRY                   ADDRESS         REF BY
[...]
  Segment part 16.            Intra module refs:   Update_Output
           ENTRY                   ADDRESS         REF BY
           =====                   =======         ======
           A_Tab                   20002D60 
           SAW_DATA                20002E74 
           SIN_DATA                20002DE4 
           TRG_DATA                20002E2C 
    -------------------------------------------------------------------------
CODE
  Relative segment, address: 0800F740 - 0800F7E3 (0xa4 bytes), align: 2
  Segment part 18.
           ENTRY                   ADDRESS         REF BY
           =====                   =======         ======
           App_init                0800F741        Calibrat (Calibrat)
                                                   main (Main)
               stack 1 = 00000000 ( 00000014 )
    -------------------------------------------------------------------------
CODE
  Relative segment, address: 0800F7E4 - 0800F8B7 (0xd4 bytes), align: 2
  Segment part 21.
           ENTRY                   ADDRESS         REF BY
           =====                   =======         ======
           Update_Range            0800F7E5        main (Main)
               stack 1 = 00000000 ( 0000001C )
    -------------------------------------------------------------------------
CODE
  Relative segment, address: 0800F8B8 - 0800F8BB (0x4 bytes), align: 2
  Segment part 22.            Intra module refs:   App_init
                                                   Update_Range
    -------------------------------------------------------------------------
CODE
  Relative segment, address: 0800F8BC - 0800F913 (0x58 bytes), align: 2
  Segment part 23.
           ENTRY                   ADDRESS         REF BY
           =====                   =======         ======
           Update_Base             0800F8BD        main (Main)
               stack 1 = 00000000 ( 00000010 )
    -------------------------------------------------------------------------
CODE
  Relative segment, address: 0800F914 - 0800F917 (0x4 bytes), align: 2
  Segment part 24.            Intra module refs:   Update_Base
    -------------------------------------------------------------------------
CODE
  Relative segment, address: 0800F918 - 0800F91B (0x4 bytes), align: 2
  Segment part 25.            Intra module refs:   Update_Base
    -------------------------------------------------------------------------
CODE
  Relative segment, address: 0800F91C - 0800F9F3 (0xd8 bytes), align: 2
  Segment part 26.
           ENTRY                   ADDRESS         REF BY
           =====                   =======         ======
           Update_Output           0800F91D        main (Main)
               stack 1 = 00000000 ( 00000010 )
    -------------------------------------------------------------------------
CODE
  Relative segment, address: 0800F9F4 - 0800FA97 (0xa4 bytes), align: 2
  Segment part 27.
           ENTRY                   ADDRESS         REF BY
           =====                   =======         ======
           Update_Trig             0800F9F5        main (Main)
               stack 1 = 00000000 ( 00000018 )
    -------------------------------------------------------------------------
CODE
  Relative segment, address: 0800FA98 - 0800FA9B (0x4 bytes), align: 2
  Segment part 28.            Intra module refs:   Update_Trig
    -------------------------------------------------------------------------
CODE
  Relative segment, address: 0800FA9C - 0800FA9F (0x4 bytes), align: 2
  Segment part 29.            Intra module refs:   Update_Range
                                                   Update_Trig
    -------------------------------------------------------------------------
CODE
  Relative segment, address: 0800FAA0 - 0800FFA7 (0x508 bytes), align: 2
  Segment part 30.            Intra module refs:   Synchro
           ENTRY                   ADDRESS         REF BY
           =====                   =======         ======
           Process                 0800FAA1        Balance (Calibrat)
                                                   Calibrat (Calibrat)
               stack 1 = 00000000 ( 00000040 )
    -------------------------------------------------------------------------
CODE
  Relative segment, address: 0800FFA8 - 0800FFAB (0x4 bytes), align: 2
  Segment part 31.            Intra module refs:   Process
    -------------------------------------------------------------------------
CODE
  Relative segment, address: 0800FFAC - 080100AB (0x100 bytes), align: 2
  Segment part 32.            Intra module refs:   Process
           ENTRY                   ADDRESS         REF BY
           =====                   =======         ======
           CH_D_Data               0800FFAD 
               stack 1 = 00000000 ( 0000002C )
    -------------------------------------------------------------------------
CODE
  Relative segment, address: 080100AC - 080100AF (0x4 bytes), align: 2
  Segment part 33.            Intra module refs:   CH_D_Data
    -------------------------------------------------------------------------
CODE
  Relative segment, address: 080100B0 - 080100B3 (0x4 bytes), align: 2
  Segment part 34.            Intra module refs:   CH_D_Data
    -------------------------------------------------------------------------
CODE
  Relative segment, address: 080100B4 - 0801036B (0x2b8 bytes), align: 2
  Segment part 35.
           ENTRY                   ADDRESS         REF BY
           =====                   =======         ======
           Synchro                 080100B5        main (Main)
               stack 1 = 00000000 ( 00000024 )
    -------------------------------------------------------------------------
CODE
  Relative segment, address: 0801036C - 0801036F (0x4 bytes), align: 2
  Segment part 36.            Intra module refs:   Synchro
    -------------------------------------------------------------------------
CODE
  Relative segment, address: 08010370 - 08010373 (0x4 bytes), align: 2
  Segment part 37.            Intra module refs:   Synchro
    -------------------------------------------------------------------------
CODE
  Relative segment, address: 08010374 - 08010377 (0x4 bytes), align: 2
  Segment part 38.            Intra module refs:   Synchro
    -------------------------------------------------------------------------
CODE
  Relative segment, address: 08010378 - 0801037B (0x4 bytes), align: 2
  Segment part 39.            Intra module refs:   Synchro
    -------------------------------------------------------------------------
CODE
  Relative segment, address: 0801037C - 0801037F (0x4 bytes), align: 2
  Segment part 40.            Intra module refs:   Synchro
    -------------------------------------------------------------------------
DATA_ID
  Relative segment, address: 08011054 - 080110D7 (0x84 bytes), align: 2
  Segment part 3.             Intra module refs:   Segment part 2
    -------------------------------------------------------------------------
DATA_ID
  Relative segment, address: 080110D8 - 080110DF (0x8 bytes), align: 2
  Segment part 10.            Intra module refs:   Segment part 9
    -------------------------------------------------------------------------
DATA_ID
  Relative segment, address: 080110E0 - 080111F7 (0x118 bytes), align: 2
  Segment part 15.            Intra module refs:   D_Tab
    -------------------------------------------------------------------------
DATA_ID
  Relative segment, address: 080111F8 - 08011353 (0x15c bytes), align: 2
  Segment part 17.            Intra module refs:   Segment part 16

    *************************************************************************

  FILE NAME : D:\Design\DS203\PRG\APP_V2.35\IAR_V4_Prpject\Obj\cortexm3_macro.r79
  PROGRAM MODULE, NAME : cortexm3_macro

  SEGMENTS IN THE MODULE
  ======================
CODE
  Relative segment, address: 08010380 - 080103F9 (0x7a bytes), align: 2
  Segment part 0. ROOT.
           ENTRY                   ADDRESS         REF BY
           =====                   =======         ======
           __WFI                   08010381 
           __WFE                   08010385 
           __SEV                   08010389 
           __ISB                   0801038D 
           __DSB                   08010393 
           __DMB                   08010399 
           __SVC                   0801039F 
           __MRS_CONTROL           080103A3 
           __MSR_CONTROL           080103A9 
           __MRS_PSP               080103B3 
           __MSR_PSP               080103B9 
           __MRS_MSP               080103BF 
           __MSR_MSP               080103C5 
           __RESETPRIMASK          080103CB 
           __SETPRIMASK            080103CF 
           __READ_PRIMASK          080103D3 
           __RESETFAULTMASK        080103D9 
           __SETFAULTMASK          080103DD 
           __READ_FAULTMASK        080103E1 
           __BASEPRICONFIG         080103E7 
           __GetBASEPRI            080103ED 
           __REV_HalfWord          080103F3 
           __REV_Word              080103F7 

    *************************************************************************

  FILE NAME : D:\Design\DS203\PRG\APP_V2.35\IAR_V4_Prpject\Obj\stm32f10x_dma.r79
    *************************************************************************

  FILE NAME : D:\Design\DS203\PRG\APP_V2.35\IAR_V4_Prpject\Obj\stm32f10x_flash.r79
    *************************************************************************

  FILE NAME : D:\Design\DS203\PRG\APP_V2.35\IAR_V4_Prpject\Obj\stm32f10x_fsmc.r79
    *************************************************************************

  FILE NAME : D:\Design\DS203\PRG\APP_V2.35\IAR_V4_Prpject\Obj\stm32f10x_gpio.r79
    *************************************************************************

  FILE NAME : D:\Design\DS203\PRG\APP_V2.35\IAR_V4_Prpject\Obj\stm32f10x_lib.r79
    *************************************************************************

  FILE NAME : D:\Design\DS203\PRG\APP_V2.35\IAR_V4_Prpject\Obj\stm32f10x_nvic.r79
  PROGRAM MODULE, NAME : stm32f10x_nvic

  SEGMENTS IN THE MODULE
  ======================
CODE
  Relative segment, address: 080103FC - 0801040B (0x10 bytes), align: 2
  Segment part 24.
           ENTRY                   ADDRESS         REF BY
           =====                   =======         ======
           NVIC_SetVectorTable     080103FD        main (Main)
    -------------------------------------------------------------------------
CODE
  Relative segment, address: 0801040C - 0801040F (0x4 bytes), align: 2
  Segment part 25.            Intra module refs:   NVIC_SetVectorTable

    *************************************************************************

  FILE NAME : D:\Design\DS203\PRG\APP_V2.35\IAR_V4_Prpject\Obj\stm32f10x_rcc.r79
    *************************************************************************

  FILE NAME : D:\Design\DS203\PRG\APP_V2.35\IAR_V4_Prpject\Obj\stm32f10x_sdio.r79
    *************************************************************************

  FILE NAME : D:\Design\DS203\PRG\APP_V2.35\IAR_V4_Prpject\Obj\stm32f10x_spi.r79
    *************************************************************************

  FILE NAME : D:\Design\DS203\PRG\APP_V2.35\IAR_V4_Prpject\Obj\stm32f10x_vector.r79
  PROGRAM MODULE, NAME : stm32f10x_vector

  SEGMENTS IN THE MODULE
  ======================
INTVEC
  Relative segment, address: 0800C000 - 0800C12F (0x130 bytes), align: 2
  Segment part 2.
           ENTRY                   ADDRESS         REF BY
           =====                   =======         ======
           __vector_table          0800C000        __program_start (?CMAIN)
    -------------------------------------------------------------------------
CSTACK
  Relative segment, address: 20007950, align: 2
  Segment part 1.

    *************************************************************************

  FILE NAME : C:\Program Files\IAR Systems\Embedded Workbench 4.0 Evaluation\arm\LIB\dl7mptnnl8f.r79
  LIBRARY MODULE, NAME : ?low_level_init

  SEGMENTS IN THE MODULE
  ======================
ICODE
  Relative segment, address: 0800C130 - 0800C133 (0x4 bytes), align: 2
  Segment part 2.
           ENTRY                   ADDRESS         REF BY
           =====                   =======         ======
           __low_level_init        0800C131        __program_start (?CMAIN)

    -------------------------------------------------------------------------
  LIBRARY MODULE, NAME : ?segment_init

  SEGMENTS IN THE MODULE
  ======================
ICODE
  Relative segment, address: 0800C134 - 0800C163 (0x30 bytes), align: 2
  Segment part 2.
           ENTRY                   ADDRESS         REF BY
           =====                   =======         ======
           __segment_init          0800C135        __program_start (?CMAIN)
               stack 1 = 00000000 ( 00000008 )

    -------------------------------------------------------------------------
  LIBRARY MODULE, NAME : ?__dbg_break

  SEGMENTS IN THE MODULE
  ======================
CODE
  Relative segment, address: 08010410 - 08010411 (0x2 bytes), align: 2
  Segment part 2.
           ENTRY                   ADDRESS         REF BY
           =====                   =======         ======
           __DebugBreak            08010411        __exit (?__exit)

    -------------------------------------------------------------------------
  LIBRARY MODULE, NAME : ?__exit

  SEGMENTS IN THE MODULE
  ======================
CODE
  Relative segment, address: 08010414 - 08010425 (0x12 bytes), align: 2
  Segment part 2.
           ENTRY                   ADDRESS         REF BY
           =====                   =======         ======
           __exit                  08010415        Segment part 5 (?_EXIT)
               stack 1 = 00000000 ( 0000000C )

    -------------------------------------------------------------------------
  LIBRARY MODULE, NAME : ?exit

  SEGMENTS IN THE MODULE
  ======================
CODE
  Relative segment, address: 08010428 - 0801042B (0x4 bytes), align: 2
  Segment part 2.
           ENTRY                   ADDRESS         REF BY
           =====                   =======         ======
           exit                    08010429        _main (?CMAIN)
               stack 1 = 00000000 ( 00000004 )

    -------------------------------------------------------------------------
  LIBRARY MODULE, NAME : ?memcpy

  SEGMENTS IN THE MODULE
  ======================
CODE
  Relative segment, address: 0801042C - 08010441 (0x16 bytes), align: 2
  Segment part 3.
           ENTRY                   ADDRESS         REF BY
           =====                   =======         ======
           memcpy                  0801042D        __segment_init (?segment_init)
               stack 1 = 00000000 ( 00000008 )

    -------------------------------------------------------------------------
  LIBRARY MODULE, NAME : ?memset

  SEGMENTS IN THE MODULE
  ======================
CODE
  Relative segment, address: 08010444 - 08010455 (0x12 bytes), align: 2
  Segment part 3.
           ENTRY                   ADDRESS         REF BY
           =====                   =======         ======
           memset                  08010445        Save_Parameter (Files)
                                                   __segment_init (?segment_init)
               stack 1 = 00000000 ( 00000008 )

    -------------------------------------------------------------------------
  LIBRARY MODULE, NAME : ?strcpy

  SEGMENTS IN THE MODULE
  ======================
CODE
  Relative segment, address: 08010458 - 08010467 (0x10 bytes), align: 2
  Segment part 3.
           ENTRY                   ADDRESS         REF BY
           =====                   =======         ======
           strcpy                  08010459        Load_Attr (Menu)

    -------------------------------------------------------------------------
  LIBRARY MODULE, NAME : ?CMAIN

  SEGMENTS IN THE MODULE
  ======================
DIFUNCT
  Relative segment, address: 0800C194, align: 2
  Segment part 0. ROOT.
    -------------------------------------------------------------------------
ICODE
  Relative segment, address: 0800C164 - 0800C177 (0x14 bytes), align: 2
  Segment part 1.
           ENTRY                   ADDRESS         REF BY
           =====                   =======         ======
           __program_start         0800C165        Absolute parts (?ABS_ENTRY_MOD)
                                                   __vector_table (stm32f10x_vector)
    -------------------------------------------------------------------------
ICODE
  Relative segment, address: 0800C178 - 0800C193 (0x1c bytes), align: 2
  Segment part 3.             Intra module refs:   __program_start
           ENTRY                   ADDRESS         REF BY
           =====                   =======         ======
           _main                   0800C181 

    -------------------------------------------------------------------------
  LIBRARY MODULE, NAME : ?_EXIT

  SEGMENTS IN THE MODULE
  ======================
CODE
  Relative segment, address: 08010468, align: 2
  Segment part 0.
           ENTRY                   ADDRESS         REF BY
           =====                   =======         ======
           _exit                   08010469        _main (?CMAIN)
                                                   exit (?exit)
    -------------------------------------------------------------------------
CODE
  Relative segment, address: 08010468 - 08010473 (0xc bytes), align: 2
  Segment part 5.             Intra module refs:   _exit

    -------------------------------------------------------------------------
  LIBRARY MODULE, NAME : ?div_module

  SEGMENTS IN THE MODULE
  ======================
CODE
  Relative segment, address: 08010474 - 0801047F (0xc bytes), align: 2
  Segment part 5.
           ENTRY                   ADDRESS         REF BY
           =====                   =======         ======
           ??div32_t               08010475        Calibrat (Calibrat)
                                                   Draw_Row (Draw)
                                                   Int32String_sign (Function)
                                                   u8ToDec2 (Function)
                                                   u8ToDec3 (Function)




                ****************************************
                *                                      *
                *      SEGMENTS IN ADDRESS ORDER       *
                *                                      *
                ****************************************


SEGMENT              SPACE    START ADDRESS   END ADDRESS     SIZE  TYPE  ALIGN
=======              =====    =============   ===========     ====  ====  =====
INTVEC                             0800C000 - 0800C12F         130   rel    2
ICODE                              0800C130 - 0800C193          64   rel    2
DIFUNCT                                 0800C194                     rel    2
CODE                               0800C194 - 0801047F        42EC   rel    2
INITTAB                            08010480 - 08010497          18   rel    2
DATA_ID                            08010498 - 08011354         EBD   rel    2
DATA_C                             08011358 - 080126C5        136E   rel    2
DATA_I                             20002000 - 20002EBC         EBD   rel    2
DATA_Z                             20002EC0 - 2000794F        4A90   rel    2
CSTACK                             20007950 - 20007D4F         400   rel    2

                ****************************************
                *                                      *
                *        END OF CROSS REFERENCE        *
                *                                      *
                ****************************************

 17 536 bytes of CODE  memory
 23 885 bytes of DATA  memory
  8 771 bytes of CONST memory

Errors: none
Warnings: none

