################################################################################
#                                                                              #
#      IAR Universal Linker V4.60I/386                                         #
#                                                                              #
#           Link time     =  06/May/2011  11:15:49                             #
#           Target CPU    =  ARM                                               #
#           List file     =  "C:\Users\Administrator\Desktop\mini DSO download #
#                            \APP_V2.32\APP_V2.32\IAR_V4_Prpject\List\DS203APP #
#                            .map"                                             #
#           Output file 1 =  "C:\Users\Administrator\Desktop\mini DSO download #
#                            \APP_V2.32\APP_V2.32\IAR_V4_Prpject\Exe\DS203APP. #
#                            d79"                                              #
#                            Format: debug                                     #
#                            UBROF version 10.0.2                              #
#                            Using library modules for C-SPY (-rt)             #
#           Output file 2 =  "C:\Users\Administrator\Desktop\mini DSO download #
#                            \APP_V2.32\APP_V2.32\IAR_V4_Prpject\Exe\DS203APP. #
#                            hex"                                              #
#                            Format: intel-extended, variant: -y(CODE)         #
#           Command line  =  "C:\Users\Administrator\Desktop\mini DSO download #
#                            \APP_V2.32\APP_V2.32\IAR_V4_Prpject\Obj\BIOS.r79" #
#                            "C:\Users\Administrator\Desktop\mini DSO download #
#                            \APP_V2.32\APP_V2.32\IAR_V4_Prpject\Obj\Calibrat. #
#                            r79"                                              #
#                            "C:\Users\Administrator\Desktop\mini DSO download #
#                            \APP_V2.32\APP_V2.32\IAR_V4_Prpject\Obj\Draw.r79" #
#                            "C:\Users\Administrator\Desktop\mini DSO download #
#                            \APP_V2.32\APP_V2.32\IAR_V4_Prpject\Obj\Files.r79 #
#                            "                                                 #
#                            "C:\Users\Administrator\Desktop\mini DSO download #
#                            \APP_V2.32\APP_V2.32\IAR_V4_Prpject\Obj\Function. #
#                            r79"                                              #
#                            "C:\Users\Administrator\Desktop\mini DSO download #
#                            \APP_V2.32\APP_V2.32\IAR_V4_Prpject\Obj\Ident.r79 #
#                            "                                                 #
#                            "C:\Users\Administrator\Desktop\mini DSO download #
#                            \APP_V2.32\APP_V2.32\IAR_V4_Prpject\Obj\Interrupt #
#                            .r79"                                             #
#                            "C:\Users\Administrator\Desktop\mini DSO download #
#                            \APP_V2.32\APP_V2.32\IAR_V4_Prpject\Obj\Main.r79" #
#                            "C:\Users\Administrator\Desktop\mini DSO download #
#                            \APP_V2.32\APP_V2.32\IAR_V4_Prpject\Obj\Menu.r79" #
#                            "C:\Users\Administrator\Desktop\mini DSO download #
#                            \APP_V2.32\APP_V2.32\IAR_V4_Prpject\Obj\Process.r #
#                            79"                                               #
#                            "C:\Users\Administrator\Desktop\mini DSO download #
#                            \APP_V2.32\APP_V2.32\IAR_V4_Prpject\Obj\cortexm3_ #
#                            macro.r79"                                        #
#                            "C:\Users\Administrator\Desktop\mini DSO download #
#                            \APP_V2.32\APP_V2.32\IAR_V4_Prpject\Obj\stm32f10x #
#                            _dma.r79"                                         #
#                            "C:\Users\Administrator\Desktop\mini DSO download #
#                            \APP_V2.32\APP_V2.32\IAR_V4_Prpject\Obj\stm32f10x #
#                            _flash.r79"                                       #
#                            "C:\Users\Administrator\Desktop\mini DSO download #
#                            \APP_V2.32\APP_V2.32\IAR_V4_Prpject\Obj\stm32f10x #
#                            _fsmc.r79"                                        #
#                            "C:\Users\Administrator\Desktop\mini DSO download #
#                            \APP_V2.32\APP_V2.32\IAR_V4_Prpject\Obj\stm32f10x #
#                            _gpio.r79"                                        #
#                            "C:\Users\Administrator\Desktop\mini DSO download #
#                            \APP_V2.32\APP_V2.32\IAR_V4_Prpject\Obj\stm32f10x #
#                            _lib.r79"                                         #
#                            "C:\Users\Administrator\Desktop\mini DSO download #
#                            \APP_V2.32\APP_V2.32\IAR_V4_Prpject\Obj\stm32f10x #
#                            _nvic.r79"                                        #
#                            "C:\Users\Administrator\Desktop\mini DSO download #
#                            \APP_V2.32\APP_V2.32\IAR_V4_Prpject\Obj\stm32f10x #
#                            _rcc.r79"                                         #
#                            "C:\Users\Administrator\Desktop\mini DSO download #
#                            \APP_V2.32\APP_V2.32\IAR_V4_Prpject\Obj\stm32f10x #
#                            _sdio.r79"                                        #
#                            "C:\Users\Administrator\Desktop\mini DSO download #
#                            \APP_V2.32\APP_V2.32\IAR_V4_Prpject\Obj\stm32f10x #
#                            _spi.r79"                                         #
#                            "C:\Users\Administrator\Desktop\mini DSO download #
#                            \APP_V2.32\APP_V2.32\IAR_V4_Prpject\Obj\stm32f10x #
#                            _vector.r79"                                      #
#                            -o                                                #
#                            "C:\Users\Administrator\Desktop\mini DSO download #
#                            \APP_V2.32\APP_V2.32\IAR_V4_Prpject\Exe\DS203APP. #
#                            d79"                                              #
#                            -l                                                #
#                            "C:\Users\Administrator\Desktop\mini DSO download #
#                            \APP_V2.32\APP_V2.32\IAR_V4_Prpject\List\DS203APP #
#                            .map"                                             #
#                            -xms                                              #
#                            "-IE:\IARWorkBench(Cracked)\Embedded Workbench 4. #
#                            0 Evaluation\ARM\LIB\"                            #
#                            -f                                                #
#                            "C:\Users\Administrator\Desktop\mini DSO download #
#                            \APP_V2.32\APP_V2.32\IAR_V4_Prpject\lnkarm.xcl"   #
#                            (-DROMSTART=0x800C000 -DROMEND=0x803FFFF          #
#                            -DRAMSTART=0x20002000 -DRAMEND=0x2000BFFF -carm   #
#                            -Z(CODE)INTVEC=ROMSTART-ROMEND                    #
#                            -Z(CODE)ICODE,DIFUNCT=ROMSTART-ROMEND             #
#                            -Z(CODE)SWITAB=ROMSTART-ROMEND                    #
#                            -Z(CODE)CODE=ROMSTART-ROMEND                      #
#                            -Z(CONST)CODE_ID=ROMSTART-ROMEND                  #
#                            -Z(CONST)INITTAB,DATA_ID,DATA_C=ROMSTART-ROMEND   #
#                            -Z(CONST)CHECKSUM=ROMSTART-ROMEND                 #
#                            -Z(DATA)DATA_I,DATA_Z,DATA_N=RAMSTART-RAMEND      #
#                            -Z(DATA)CODE_I=RAMSTART-RAMEND -QCODE_I=CODE_ID   #
#                            -D_CSTACK_SIZE=400 -D_HEAP_SIZE=200               #
#                            -Z(DATA)CSTACK+_CSTACK_SIZE=RAMSTART-RAMEND       #
#                            -Z(DATA)HEAP+_HEAP_SIZE=RAMSTART-RAMEND           #
#                            -Ointel-extended,(CODE)=.hex) -rt                 #
#                            "E:\IARWorkBench(Cracked)\Embedded Workbench 4.0  #
#                            Evaluation\ARM\LIB\dl7mptnnl8f.r79"               #
#                            -s __program_start                                #
#                                                                              #
#                        Copyright 1987-2007 IAR Systems. All rights reserved. #
################################################################################





                ****************************************
                *                                      *
                *           CROSS REFERENCE            *
                *                                      *
                ****************************************

       Program entry at :           0800C165  Relocatable, from module : ?CMAIN




                ****************************************
                *                                      *
                *            RUNTIME MODEL             *
                *                                      *
                ****************************************

  StackAlign4            = USED
  __cpu_mode             = __pcs__thumb
  __data_model           = absolute
  __dlib_file_descriptor = 1
  __endian               = little
  __rt_version           = 6



                ****************************************
                *                                      *
                *              MODULE MAP              *
                *                                      *
                ****************************************


  DEFINED ABSOLUTE ENTRIES
    *************************************************************************

  DEFINED ABSOLUTE ENTRIES
  PROGRAM MODULE, NAME : ?ABS_ENTRY_MOD

Absolute parts
           ENTRY                   ADDRESS         REF BY
           =====                   =======         ======
           _HEAP_SIZE              00000200 
           _CSTACK_SIZE            00000400 
           RAMEND                  2000BFFF 
           RAMSTART                20002000 
           ROMEND                  0803FFFF 
           ROMSTART                0800C000 
    *************************************************************************

  FILE NAME : C:\Users\Administrator\Desktop\mini DSO download\APP_V2.32\APP_V2.32\IAR_V4_Prpject\Obj\BIOS.r79
  PROGRAM MODULE, NAME : BIOS

  SEGMENTS IN THE MODULE
  ======================
CODE
  Relative segment, address: 0800C194 - 0800C213 (0x80 bytes), align: 2
  Segment part 0. ROOT.
           ENTRY                   ADDRESS         REF BY
           =====                   =======         ======
           __CTR_HP                0800C195        USB_HP_CAN_TX_IRQHandler (Interrupt)
           __USB_Istr              0800C199        USB_LP_CAN_RX0_IRQHandler (Interrupt)
           __LCD_Initial           0800C19D 
           __Point_SCR             0800C1A1        Calibrat (Calibrat)
                                                   Draw_Mark (Draw)
                                                   Draw_Row (Draw)
                                                   Save_Bmp (Files)
                                                   Update_Mark (Draw)
                                                   Update_View_Area (Draw)
           __LCD_SetPixl           0800C1A5        Calibrat (Calibrat)
                                                   Draw_Mark (Draw)
                                                   Print_Clk (Draw)
                                                   Print_Str (Draw)
                                                   Update_Mark (Draw)
                                                   Update_View_Area (Draw)
           __Clear_Screen          0800C1A9        App_init (Process)
                                                   Calibrat (Calibrat)
           __Get_TAB_8x14          0800C1AD 
           __LCD_Set_Block         0800C1B1        Print_Clk (Draw)
                                                   Print_Str (Draw)
           __LCD_DMA_Ready         0800C1B5        Draw_Window (Draw)
           __LCD_Copy              0800C1B9        Draw_Row (Draw)
           __LCD_Fill              0800C1BD 
           __Row_DMA_Ready         0800C1C1        Draw_Row (Draw)
                                                   Draw_Window (Draw)
                                                   Update_Mark (Draw)
           __Row_Copy              0800C1C5        Draw_Row (Draw)
                                                   Draw_Window (Draw)
           __Read_FIFO             0800C1C9        Process (Process)
           __Input_Lic             0800C1CD 
           __GetDev_SN             0800C1D1 
           __Chk_SYS               0800C1D5 
           __Ident                 0800C1D9 
           __Display_Str           0800C1DD        main (Main)
           __Set                   0800C1E1        App_init (Process)
                                                   Calibrat (Calibrat)
                                                   Synchro (Process)
                                                   TIM3_IRQHandler (Interrupt)
                                                   Update_Base (Process)
                                                   Update_Output (Process)
                                                   Update_Range (Process)
                                                   Update_Trig (Process)
                                                   main (Main)
           __Set_Param             0800C1E5 
           __Get                   0800C1E9        Calibrat (Calibrat)
                                                   Display_Value (Menu)
                                                   Process (Process)
                                                   Read_Keys (Function)
                                                   Synchro (Process)
                                                   Update_Battery (Menu)
                                                   main (Main)
           __Disk_Buff_WR          0800C1ED        Save_Bmp (Files)
                                                   Save_Dat (Files)
           __Disk_Buff_RD          0800C1F1        Load_Dat (Files)
                                                   Open_File (Files)
                                                   Save_Bmp (Files)
           __Param_Area_WR         0800C1F5        Calibrat (Calibrat)
                                                   Save_Parameter (Files)
           __Param_Area_RD         0800C1F9        Load_Parameter (Files)
           __LCD_GetPixl           0800C1FD        Save_Bmp (Files)
           __USB_Init              0800C201        main (Main)
           __FLASH_Erase           0800C205 
           __FLASH_Prog            0800C209 
           __FLASH_Unlock          0800C20D 
           __FLASH_Lock            0800C211 

    *************************************************************************

  FILE NAME : C:\Users\Administrator\Desktop\mini DSO download\APP_V2.32\APP_V2.32\IAR_V4_Prpject\Obj\Calibrat.r79
  PROGRAM MODULE, NAME : Calibrat

  SEGMENTS IN THE MODULE
  ======================
DATA_C
  Relative segment, address: 08011230 - 08011497 (0x268 bytes), align: 2
  Segment part 2.             Intra module refs:   Calibrat
           ENTRY                   ADDRESS         REF BY
           =====                   =======         ======
           ExitStr                 0801143C 
           VS_STR                  080113C4 
    -------------------------------------------------------------------------
DATA_Z
  Relative segment, address: 2000794C - 2000794C (0x1 bytes), align: 0
  Segment part 3.             Intra module refs:   Calibrat
           ENTRY                   ADDRESS         REF BY
           =====                   =======         ======
           Exit                    2000794C 
    -------------------------------------------------------------------------
CODE
  Relative segment, address: 0800C214 - 0800CE23 (0xc10 bytes), align: 2
  Segment part 4.
           ENTRY                   ADDRESS         REF BY
           =====                   =======         ======
           Calibrat                0800C215        main (Main)
               stack 1 = 00000000 ( 00000074 )
    -------------------------------------------------------------------------
INITTAB
  Relative segment, address: 0801035C - 08010367 (0xc bytes), align: 2
  Segment part 21. ROOT.
           ENTRY                   ADDRESS         REF BY
           =====                   =======         ======
           ?init?tab?DATA_Z        0801035C 

    *************************************************************************

  FILE NAME : C:\Users\Administrator\Desktop\mini DSO download\APP_V2.32\APP_V2.32\IAR_V4_Prpject\Obj\Draw.r79
  PROGRAM MODULE, NAME : Draw

  SEGMENTS IN THE MODULE
  ======================
DATA_C
  Relative segment, address: 08011498 - 080114A7 (0x10 bytes), align: 2
  Segment part 2.             Intra module refs:   Update_View_Area
           ENTRY                   ADDRESS         REF BY
           =====                   =======         ======
           RULE_BASE               08011498 
    -------------------------------------------------------------------------
DATA_C
  Relative segment, address: 080114A8 - 080114CB (0x24 bytes), align: 2
  Segment part 8.             Intra module refs:   Draw_Mark
           ENTRY                   ADDRESS         REF BY
           =====                   =======         ======
           Mark_TAB                080114A8 
    -------------------------------------------------------------------------
DATA_C
  Relative segment, address: 080114CC - 08011523 (0x58 bytes), align: 2
  Segment part 9.             Intra module refs:   Print_Clk
           ENTRY                   ADDRESS         REF BY
           =====                   =======         ======
           CLK_TAB                 080114CC 
    -------------------------------------------------------------------------
DATA_C
  Relative segment, address: 08011524 - 08011AF3 (0x5d0 bytes), align: 2
  Segment part 10.            Intra module refs:   Segment part 32
           ENTRY                   ADDRESS         REF BY
           =====                   =======         ======
           Char_TAB_8x11           08011524 
    -------------------------------------------------------------------------
DATA_C
  Relative segment, address: 08011AF4 - 08012143 (0x650 bytes), align: 2
  Segment part 13.            Intra module refs:   Draw_Row
                                                   Segment part 35
           ENTRY                   ADDRESS         REF BY
           =====                   =======         ======
           Row_Base1               08011AF4 
           Row_Base2               08011C88 
           Row_Base3               08011E1C 
           Row_Base4               08011FB0 
    -------------------------------------------------------------------------
DATA_I
  Relative segment, address: 20002000 - 2000202F (0x30 bytes), align: 2
  Segment part 14.            Intra module refs:   Draw_Row
                                                   Segment part 30
                                                   Segment part 39
           ENTRY                   ADDRESS         REF BY
           =====                   =======         ======
           Color                   20002000 
           V_Trigg                 20002020        Segment part 34 (Files)
                                                   Update_Trig (Process)
                                                   main (Main)
    -------------------------------------------------------------------------
DATA_Z
  Relative segment, address: 20002EBC - 2000327B (0x3c0 bytes), align: 2
  Segment part 16.            Intra module refs:   Draw_Row
                                                   Segment part 36
           ENTRY                   ADDRESS         REF BY
           =====                   =======         ======
           LCD_Buffer1             20002EBC 
           LCD_Buffer2             2000309C 
    -------------------------------------------------------------------------
CODE
  Relative segment, address: 0800CE24 - 0800CE93 (0x70 bytes), align: 2
  Segment part 27.
           ENTRY                   ADDRESS         REF BY
           =====                   =======         ======
           Print_Clk               0800CE25        Save_Bmp (Files)
               stack 1 = 00000000 ( 0000001C )
    -------------------------------------------------------------------------
CODE
  Relative segment, address: 0800CE94 - 0800CF51 (0xbe bytes), align: 2
  Segment part 28.
           ENTRY                   ADDRESS         REF BY
           =====                   =======         ======
           Print_Str               0800CE95        Calibrat (Calibrat)
                                                   Display_Meter (Menu)
                                                   Display_Title (Menu)
                                                   Display_Value (Menu)
                                                   Update_Battery (Menu)
                                                   main (Main)
               stack 1 = 00000000 ( 00000024 )
    -------------------------------------------------------------------------
CODE
  Relative segment, address: 0800CF54 - 0800CF57 (0x4 bytes), align: 2
  Segment part 29.            Intra module refs:   Print_Clk
                                                   Print_Str
    -------------------------------------------------------------------------
CODE
  Relative segment, address: 0800CF58 - 0800CF5B (0x4 bytes), align: 2
  Segment part 30.            Intra module refs:   Print_Clk
                                                   Print_Str
    -------------------------------------------------------------------------
CODE
  Relative segment, address: 0800CF5C - 0800CF5F (0x4 bytes), align: 2
  Segment part 31.            Intra module refs:   Print_Str
    -------------------------------------------------------------------------
CODE
  Relative segment, address: 0800CF60 - 0800CF63 (0x4 bytes), align: 2
  Segment part 32.            Intra module refs:   Print_Str
    -------------------------------------------------------------------------
CODE
  Relative segment, address: 0800CF64 - 0800D787 (0x824 bytes), align: 2
  Segment part 33.            Intra module refs:   Draw_Window
           ENTRY                   ADDRESS         REF BY
           =====                   =======         ======
           Draw_Row                0800CF65 
               stack 1 = 00000000 ( 0000006C )
    -------------------------------------------------------------------------
CODE
  Relative segment, address: 0800D788 - 0800D7CB (0x44 bytes), align: 2
  Segment part 34.
           ENTRY                   ADDRESS         REF BY
           =====                   =======         ======
           Draw_Window             0800D789        Synchro (Process)
               stack 1 = 00000000 ( 0000000C )
    -------------------------------------------------------------------------
CODE
  Relative segment, address: 0800D7CC - 0800D7CF (0x4 bytes), align: 2
  Segment part 35.            Intra module refs:   Draw_Window
    -------------------------------------------------------------------------
CODE
  Relative segment, address: 0800D7D0 - 0800D7D3 (0x4 bytes), align: 2
  Segment part 36.            Intra module refs:   Draw_Window
    -------------------------------------------------------------------------
CODE
  Relative segment, address: 0800D7D4 - 0800D8EF (0x11c bytes), align: 2
  Segment part 37.            Intra module refs:   Update_Mark
           ENTRY                   ADDRESS         REF BY
           =====                   =======         ======
           Draw_Mark               0800D7D5 
               stack 1 = 00000000 ( 0000002C )
    -------------------------------------------------------------------------
CODE
  Relative segment, address: 0800D8F0 - 0800DB0F (0x220 bytes), align: 2
  Segment part 38.
           ENTRY                   ADDRESS         REF BY
           =====                   =======         ======
           Update_Mark             0800D8F1        main (Main)
               stack 1 = 00000000 ( 0000001C )
    -------------------------------------------------------------------------
CODE
  Relative segment, address: 0800DB10 - 0800DB13 (0x4 bytes), align: 2
  Segment part 39.            Intra module refs:   Draw_Mark
                                                   Update_Mark
    -------------------------------------------------------------------------
CODE
  Relative segment, address: 0800DB14 - 0800DB17 (0x4 bytes), align: 2
  Segment part 40.            Intra module refs:   Draw_Mark
                                                   Update_Mark
    -------------------------------------------------------------------------
CODE
  Relative segment, address: 0800DB18 - 0800DC67 (0x150 bytes), align: 2
  Segment part 41.
           ENTRY                   ADDRESS         REF BY
           =====                   =======         ======
           Update_View_Area        0800DB19        main (Main)
               stack 1 = 00000000 ( 0000001C )
    -------------------------------------------------------------------------
DATA_ID
  Relative segment, address: 08010374 - 080103A3 (0x30 bytes), align: 2
  Segment part 15.            Intra module refs:   Segment part 14
    -------------------------------------------------------------------------
INITTAB
  Relative segment, address: 08010368 - 08010373 (0xc bytes), align: 2
  Segment part 52. ROOT.
           ENTRY                   ADDRESS         REF BY
           =====                   =======         ======
           ?init?tab?DATA_I        08010368 

    *************************************************************************

  FILE NAME : C:\Users\Administrator\Desktop\mini DSO download\APP_V2.32\APP_V2.32\IAR_V4_Prpject\Obj\Files.r79
  PROGRAM MODULE, NAME : Files

  SEGMENTS IN THE MODULE
  ======================
DATA_Z
  Relative segment, address: 2000327C - 2000347B (0x200 bytes), align: 2
  Segment part 9.             Intra module refs:   Segment part 17
                                                   Segment part 23
           ENTRY                   ADDRESS         REF BY
           =====                   =======         ======
           SecBuff                 2000327C        Calibrat (Calibrat)
    -------------------------------------------------------------------------
DATA_I
  Relative segment, address: 20002030 - 20002523 (0x4f4 bytes), align: 2
  Segment part 5.             Intra module refs:   Open_File
                                                   Segment part 18
           ENTRY                   ADDRESS         REF BY
           =====                   =======         ======
           BMP_Color               2000203C 
           ClusterNum              20002068 
           DirSecNum               20002038 
           DiskStart               2000205C 
           FAT_Size16              20002034 
           FileBuff                20002074        CH_D_Data (Process)
           File_Addr               2000206C 
           File_Size               20002070 
           Hidden_Sec              20002060 
           Root_Addr               20002064 
           RsvdSecCnt              20002030 
           SecPerClus              20002036 
           SectorSize              20002032 
    -------------------------------------------------------------------------
CODE
  Relative segment, address: 0800DC68 - 0800DDCF (0x168 bytes), align: 2
  Segment part 12.            Intra module refs:   Load_Dat
                                                   Save_Bmp
                                                   Save_Dat
           ENTRY                   ADDRESS         REF BY
           =====                   =======         ======
           Open_File               0800DC69 
               stack 1 = 00000000 ( 00000034 )
    -------------------------------------------------------------------------
CODE
  Relative segment, address: 0800DDD0 - 0800DE37 (0x68 bytes), align: 2
  Segment part 13.
           ENTRY                   ADDRESS         REF BY
           =====                   =======         ======
           Save_Dat                0800DDD1        main (Main)
               stack 1 = 00000000 ( 00000018 )
    -------------------------------------------------------------------------
CODE
  Relative segment, address: 0800DE38 - 0800DE8F (0x58 bytes), align: 2
  Segment part 14.
           ENTRY                   ADDRESS         REF BY
           =====                   =======         ======
           Load_Dat                0800DE39        main (Main)
               stack 1 = 00000000 ( 00000008 )
    -------------------------------------------------------------------------
CODE
  Relative segment, address: 0800DE90 - 0800DE93 (0x4 bytes), align: 2
  Segment part 15.            Intra module refs:   Load_Dat
                                                   Save_Dat
    -------------------------------------------------------------------------
CODE
  Relative segment, address: 0800DE94 - 0800DF93 (0x100 bytes), align: 2
  Segment part 16.
           ENTRY                   ADDRESS         REF BY
           =====                   =======         ======
           Save_Bmp                0800DE95        main (Main)
               stack 1 = 00000000 ( 00000028 )
    -------------------------------------------------------------------------
CODE
  Relative segment, address: 0800DF94 - 0800DF97 (0x4 bytes), align: 2
  Segment part 17.            Intra module refs:   Open_File
                                                   Save_Bmp
                                                   Save_Dat
    -------------------------------------------------------------------------
CODE
  Relative segment, address: 0800DF98 - 0800DF9B (0x4 bytes), align: 2
  Segment part 18.            Intra module refs:   Load_Dat
                                                   Save_Bmp
                                                   Save_Dat
    -------------------------------------------------------------------------
CODE
  Relative segment, address: 0800DF9C - 0800E06B (0xd0 bytes), align: 2
  Segment part 19.            Intra module refs:   Save_Bmp
           ENTRY                   ADDRESS         REF BY
           =====                   =======         ======
           Color_Num               0800DF9D 
    -------------------------------------------------------------------------
CODE
  Relative segment, address: 0800E06C - 0800E15F (0xf4 bytes), align: 2
  Segment part 20.
           ENTRY                   ADDRESS         REF BY
           =====                   =======         ======
           Load_Parameter          0800E06D        Calibrat (Calibrat)
                                                   main (Main)
               stack 1 = 00000000 ( 00000010 )
    -------------------------------------------------------------------------
CODE
  Relative segment, address: 0800E160 - 0800E163 (0x4 bytes), align: 2
  Segment part 21.            Intra module refs:   Load_Parameter
                                                   Save_Dat
    -------------------------------------------------------------------------
CODE
  Relative segment, address: 0800E164 - 0800E267 (0x104 bytes), align: 2
  Segment part 22.
           ENTRY                   ADDRESS         REF BY
           =====                   =======         ======
           Save_Parameter          0800E165        Calibrat (Calibrat)
                                                   main (Main)
               stack 1 = 00000000 ( 00000018 )
    -------------------------------------------------------------------------
CODE
  Relative segment, address: 0800E268 - 0800E26B (0x4 bytes), align: 2
  Segment part 23.            Intra module refs:   Load_Parameter
                                                   Save_Parameter
    -------------------------------------------------------------------------
CODE
  Relative segment, address: 0800E26C - 0800E26F (0x4 bytes), align: 2
  Segment part 24.            Intra module refs:   Load_Parameter
                                                   Save_Parameter
    -------------------------------------------------------------------------
CODE
  Relative segment, address: 0800E270 - 0800E273 (0x4 bytes), align: 2
  Segment part 25.            Intra module refs:   Load_Parameter
                                                   Save_Parameter
    -------------------------------------------------------------------------
CODE
  Relative segment, address: 0800E274 - 0800E277 (0x4 bytes), align: 2
  Segment part 26.            Intra module refs:   Save_Parameter
    -------------------------------------------------------------------------
CODE
  Relative segment, address: 0800E278 - 0800E27B (0x4 bytes), align: 2
  Segment part 27.            Intra module refs:   Load_Parameter
                                                   Save_Parameter
    -------------------------------------------------------------------------
CODE
  Relative segment, address: 0800E27C - 0800E27F (0x4 bytes), align: 2
  Segment part 28.            Intra module refs:   Load_Parameter
                                                   Save_Parameter
    -------------------------------------------------------------------------
CODE
  Relative segment, address: 0800E280 - 0800E283 (0x4 bytes), align: 2
  Segment part 29.            Intra module refs:   Load_Parameter
                                                   Save_Parameter
    -------------------------------------------------------------------------
CODE
  Relative segment, address: 0800E284 - 0800E287 (0x4 bytes), align: 2
  Segment part 30.            Intra module refs:   Load_Parameter
                                                   Save_Parameter
    -------------------------------------------------------------------------
CODE
  Relative segment, address: 0800E288 - 0800E28B (0x4 bytes), align: 2
  Segment part 31.            Intra module refs:   Load_Parameter
                                                   Save_Parameter
    -------------------------------------------------------------------------
CODE
  Relative segment, address: 0800E28C - 0800E28F (0x4 bytes), align: 2
  Segment part 32.            Intra module refs:   Load_Parameter
                                                   Save_Parameter
    -------------------------------------------------------------------------
CODE
  Relative segment, address: 0800E290 - 0800E293 (0x4 bytes), align: 2
  Segment part 33.            Intra module refs:   Load_Parameter
                                                   Save_Parameter
    -------------------------------------------------------------------------
CODE
  Relative segment, address: 0800E294 - 0800E297 (0x4 bytes), align: 2
  Segment part 34.            Intra module refs:   Load_Parameter
                                                   Save_Parameter
    -------------------------------------------------------------------------
DATA_ID
  Relative segment, address: 080103A4 - 08010897 (0x4f4 bytes), align: 2
  Segment part 6.             Intra module refs:   Segment part 5
    -------------------------------------------------------------------------
DATA_C
  Relative segment, address: 08012144 - 0801214F (0xc bytes), align: 2
  Segment part 2.             Intra module refs:   Open_File

    *************************************************************************

  FILE NAME : C:\Users\Administrator\Desktop\mini DSO download\APP_V2.32\APP_V2.32\IAR_V4_Prpject\Obj\Function.r79
  PROGRAM MODULE, NAME : Function

  SEGMENTS IN THE MODULE
  ======================
CODE
  Relative segment, address: 0800E298 - 0800E2A7 (0x10 bytes), align: 2
  Segment part 3.
           ENTRY                   ADDRESS         REF BY
           =====                   =======         ======
           Delayms                 0800E299        App_init (Process)
                                                   Calibrat (Calibrat)
                                                   main (Main)
    -------------------------------------------------------------------------
CODE
  Relative segment, address: 0800E2A8 - 0800E41F (0x178 bytes), align: 2
  Segment part 4.
           ENTRY                   ADDRESS         REF BY
           =====                   =======         ======
           Int32String_sign        0800E2A9        Calibrat (Calibrat)
                                                   Display_Title (Menu)
                                                   Display_Value (Menu)
               stack 1 = 00000000 ( 00000020 )
    -------------------------------------------------------------------------
CODE
  Relative segment, address: 0800E420 - 0800E423 (0x4 bytes), align: 2
  Segment part 6.             Intra module refs:   Int32String_sign
    -------------------------------------------------------------------------
CODE
  Relative segment, address: 0800E424 - 0800E427 (0x4 bytes), align: 2
  Segment part 7.             Intra module refs:   Int32String_sign
    -------------------------------------------------------------------------
CODE
  Relative segment, address: 0800E428 - 0800E42B (0x4 bytes), align: 2
  Segment part 8.             Intra module refs:   Int32String_sign
    -------------------------------------------------------------------------
CODE
  Relative segment, address: 0800E42C - 0800E42F (0x4 bytes), align: 2
  Segment part 9.             Intra module refs:   Int32String_sign
    -------------------------------------------------------------------------
CODE
  Relative segment, address: 0800E430 - 0800E433 (0x4 bytes), align: 2
  Segment part 10.            Intra module refs:   Int32String_sign
    -------------------------------------------------------------------------
CODE
  Relative segment, address: 0800E434 - 0800E437 (0x4 bytes), align: 2
  Segment part 13.            Intra module refs:   Int32String_sign
    -------------------------------------------------------------------------
CODE
  Relative segment, address: 0800E438 - 0800E46B (0x34 bytes), align: 2
  Segment part 14.
           ENTRY                   ADDRESS         REF BY
           =====                   =======         ======
           u8ToDec3                0800E439        Display_Title (Menu)
                                                   Open_File (Files)
               stack 1 = 00000000 ( 00000004 )
    -------------------------------------------------------------------------
CODE
  Relative segment, address: 0800E46C - 0800E495 (0x2a bytes), align: 2
  Segment part 15.
           ENTRY                   ADDRESS         REF BY
           =====                   =======         ======
           u8ToDec2                0800E46D        Display_Title (Menu)
                                                   Display_Value (Menu)
               stack 1 = 00000000 ( 00000004 )
    -------------------------------------------------------------------------
CODE
  Relative segment, address: 0800E498 - 0800E4B7 (0x20 bytes), align: 2
  Segment part 18.
           ENTRY                   ADDRESS         REF BY
           =====                   =======         ======
           Int_sqrt                0800E499        Synchro (Process)
               stack 1 = 00000000 ( 00000008 )
    -------------------------------------------------------------------------
CODE
  Relative segment, address: 0800E4B8 - 0800E553 (0x9c bytes), align: 2
  Segment part 19.
           ENTRY                   ADDRESS         REF BY
           =====                   =======         ======
           Read_Keys               0800E4B9        TIM3_IRQHandler (Interrupt)
               stack 1 = 00000000 ( 0000001C )

    *************************************************************************

  FILE NAME : C:\Users\Administrator\Desktop\mini DSO download\APP_V2.32\APP_V2.32\IAR_V4_Prpject\Obj\Ident.r79
    *************************************************************************

  FILE NAME : C:\Users\Administrator\Desktop\mini DSO download\APP_V2.32\APP_V2.32\IAR_V4_Prpject\Obj\Interrupt.r79
  PROGRAM MODULE, NAME : Interrupt

  SEGMENTS IN THE MODULE
  ======================
DATA_Z
  Relative segment, address: 2000347C - 2000348F (0x14 bytes), align: 2
  Segment part 2.             Intra module refs:   TIM3_IRQHandler
           ENTRY                   ADDRESS         REF BY
           =====                   =======         ======
           Beep_mS                 20003486        Calibrat (Calibrat)
                                                   main (Main)
           Blink                   20003483        Calibrat (Calibrat)
                                                   Segment part 56 (Menu)
                                                   Segment part 65 (Menu)
                                                   main (Main)
           Cnt_20mS                20003481 
           Cnt_mS                  20003480 
           Cursor_Cnt              2000347C 
           Delay_Cnt               20003484        Delayms (Function)
           Key_Buffer              2000347F        Calibrat (Calibrat)
                                                   main (Main)
           Key_Repeat_Cnt          2000347E        Read_Keys (Function)
           Key_Wait_Cnt            2000347D        Read_Keys (Function)
           PD_Cnt                  2000348A        App_init (Process)
                                                   Calibrat (Calibrat)
                                                   main (Main)
           Sec_Cnt                 20003488        main (Main)
           Twink                   20003482        Calibrat (Calibrat)
                                                   Segment part 57 (Menu)
                                                   Segment part 66 (Menu)
           Wait_Cnt                2000348C        Segment part 25 (Process)
                                                   Segment part 38 (Process)
    -------------------------------------------------------------------------
DATA_Z
  Relative segment, address: 20007948 - 20007949 (0x2 bytes), align: 1
  Segment part 6.
           ENTRY                   ADDRESS         REF BY
           =====                   =======         ======
           Key_Status_Last         20007948        Read_Keys (Function)
    -------------------------------------------------------------------------
CODE
  Relative segment, address: 0800E554 - 0800E555 (0x2 bytes), align: 2
  Segment part 7.
           ENTRY                   ADDRESS         REF BY
           =====                   =======         ======
           NMIException            0800E555        __vector_table (stm32f10x_vector)
    -------------------------------------------------------------------------
CODE
  Relative segment, address: 0800E558 - 0800E559 (0x2 bytes), align: 2
  Segment part 8.
           ENTRY                   ADDRESS         REF BY
           =====                   =======         ======
           HardFaultException      0800E559        __vector_table (stm32f10x_vector)
    -------------------------------------------------------------------------
CODE
  Relative segment, address: 0800E55C - 0800E55D (0x2 bytes), align: 2
  Segment part 9.
           ENTRY                   ADDRESS         REF BY
           =====                   =======         ======
           MemManageException      0800E55D        __vector_table (stm32f10x_vector)
    -------------------------------------------------------------------------
CODE
  Relative segment, address: 0800E560 - 0800E561 (0x2 bytes), align: 2
  Segment part 10.
           ENTRY                   ADDRESS         REF BY
           =====                   =======         ======
           BusFaultException       0800E561        __vector_table (stm32f10x_vector)
    -------------------------------------------------------------------------
CODE
  Relative segment, address: 0800E564 - 0800E565 (0x2 bytes), align: 2
  Segment part 11.
           ENTRY                   ADDRESS         REF BY
           =====                   =======         ======
           UsageFaultException     0800E565        __vector_table (stm32f10x_vector)
    -------------------------------------------------------------------------
CODE
  Relative segment, address: 0800E568 - 0800E569 (0x2 bytes), align: 2
  Segment part 12.
           ENTRY                   ADDRESS         REF BY
           =====                   =======         ======
           DebugMonitor            0800E569        __vector_table (stm32f10x_vector)
    -------------------------------------------------------------------------
CODE
  Relative segment, address: 0800E56C - 0800E56D (0x2 bytes), align: 2
  Segment part 13.
           ENTRY                   ADDRESS         REF BY
           =====                   =======         ======
           SVCHandler              0800E56D        __vector_table (stm32f10x_vector)
    -------------------------------------------------------------------------
CODE
  Relative segment, address: 0800E570 - 0800E571 (0x2 bytes), align: 2
  Segment part 14.
           ENTRY                   ADDRESS         REF BY
           =====                   =======         ======
           PendSVC                 0800E571        __vector_table (stm32f10x_vector)
    -------------------------------------------------------------------------
CODE
  Relative segment, address: 0800E574 - 0800E575 (0x2 bytes), align: 2
  Segment part 15.
           ENTRY                   ADDRESS         REF BY
           =====                   =======         ======
           SysTickHandler          0800E575        __vector_table (stm32f10x_vector)
    -------------------------------------------------------------------------
CODE
  Relative segment, address: 0800E578 - 0800E579 (0x2 bytes), align: 2
  Segment part 16.
           ENTRY                   ADDRESS         REF BY
           =====                   =======         ======
           WWDG_IRQHandler         0800E579        __vector_table (stm32f10x_vector)
    -------------------------------------------------------------------------
CODE
  Relative segment, address: 0800E57C - 0800E57D (0x2 bytes), align: 2
  Segment part 17.
           ENTRY                   ADDRESS         REF BY
           =====                   =======         ======
           PVD_IRQHandler          0800E57D        __vector_table (stm32f10x_vector)
    -------------------------------------------------------------------------
CODE
  Relative segment, address: 0800E580 - 0800E581 (0x2 bytes), align: 2
  Segment part 18.
           ENTRY                   ADDRESS         REF BY
           =====                   =======         ======
           TAMPER_IRQHandler       0800E581        __vector_table (stm32f10x_vector)
    -------------------------------------------------------------------------
CODE
  Relative segment, address: 0800E584 - 0800E585 (0x2 bytes), align: 2
  Segment part 19.
           ENTRY                   ADDRESS         REF BY
           =====                   =======         ======
           RTC_IRQHandler          0800E585        __vector_table (stm32f10x_vector)
    -------------------------------------------------------------------------
CODE
  Relative segment, address: 0800E588 - 0800E589 (0x2 bytes), align: 2
  Segment part 20.
           ENTRY                   ADDRESS         REF BY
           =====                   =======         ======
           FLASH_IRQHandler        0800E589        __vector_table (stm32f10x_vector)
    -------------------------------------------------------------------------
CODE
  Relative segment, address: 0800E58C - 0800E58D (0x2 bytes), align: 2
  Segment part 21.
           ENTRY                   ADDRESS         REF BY
           =====                   =======         ======
           RCC_IRQHandler          0800E58D        __vector_table (stm32f10x_vector)
    -------------------------------------------------------------------------
CODE
  Relative segment, address: 0800E590 - 0800E591 (0x2 bytes), align: 2
  Segment part 22.
           ENTRY                   ADDRESS         REF BY
           =====                   =======         ======
           EXTI0_IRQHandler        0800E591        __vector_table (stm32f10x_vector)
    -------------------------------------------------------------------------
CODE
  Relative segment, address: 0800E594 - 0800E595 (0x2 bytes), align: 2
  Segment part 23.
           ENTRY                   ADDRESS         REF BY
           =====                   =======         ======
           EXTI1_IRQHandler        0800E595        __vector_table (stm32f10x_vector)
    -------------------------------------------------------------------------
CODE
  Relative segment, address: 0800E598 - 0800E599 (0x2 bytes), align: 2
  Segment part 24.
           ENTRY                   ADDRESS         REF BY
           =====                   =======         ======
           EXTI2_IRQHandler        0800E599        __vector_table (stm32f10x_vector)
    -------------------------------------------------------------------------
CODE
  Relative segment, address: 0800E59C - 0800E59D (0x2 bytes), align: 2
  Segment part 25.
           ENTRY                   ADDRESS         REF BY
           =====                   =======         ======
           EXTI3_IRQHandler        0800E59D        __vector_table (stm32f10x_vector)
    -------------------------------------------------------------------------
CODE
  Relative segment, address: 0800E5A0 - 0800E5A1 (0x2 bytes), align: 2
  Segment part 26.
           ENTRY                   ADDRESS         REF BY
           =====                   =======         ======
           EXTI4_IRQHandler        0800E5A1        __vector_table (stm32f10x_vector)
    -------------------------------------------------------------------------
CODE
  Relative segment, address: 0800E5A4 - 0800E5A5 (0x2 bytes), align: 2
  Segment part 27.
           ENTRY                   ADDRESS         REF BY
           =====                   =======         ======
           DMA1_Channel1_IRQHandler
                                   0800E5A5        __vector_table (stm32f10x_vector)
    -------------------------------------------------------------------------
CODE
  Relative segment, address: 0800E5A8 - 0800E5A9 (0x2 bytes), align: 2
  Segment part 28.
           ENTRY                   ADDRESS         REF BY
           =====                   =======         ======
           DMA1_Channel2_IRQHandler
                                   0800E5A9        __vector_table (stm32f10x_vector)
    -------------------------------------------------------------------------
CODE
  Relative segment, address: 0800E5AC - 0800E5AD (0x2 bytes), align: 2
  Segment part 29.
           ENTRY                   ADDRESS         REF BY
           =====                   =======         ======
           DMA1_Channel3_IRQHandler
                                   0800E5AD        __vector_table (stm32f10x_vector)
    -------------------------------------------------------------------------
CODE
  Relative segment, address: 0800E5B0 - 0800E5B1 (0x2 bytes), align: 2
  Segment part 30.
           ENTRY                   ADDRESS         REF BY
           =====                   =======         ======
           DMA1_Channel4_IRQHandler
                                   0800E5B1        __vector_table (stm32f10x_vector)
    -------------------------------------------------------------------------
CODE
  Relative segment, address: 0800E5B4 - 0800E5B5 (0x2 bytes), align: 2
  Segment part 31.
           ENTRY                   ADDRESS         REF BY
           =====                   =======         ======
           DMA1_Channel5_IRQHandler
                                   0800E5B5        __vector_table (stm32f10x_vector)
    -------------------------------------------------------------------------
CODE
  Relative segment, address: 0800E5B8 - 0800E5B9 (0x2 bytes), align: 2
  Segment part 32.
           ENTRY                   ADDRESS         REF BY
           =====                   =======         ======
           DMA1_Channel6_IRQHandler
                                   0800E5B9        __vector_table (stm32f10x_vector)
    -------------------------------------------------------------------------
CODE
  Relative segment, address: 0800E5BC - 0800E5BD (0x2 bytes), align: 2
  Segment part 33.
           ENTRY                   ADDRESS         REF BY
           =====                   =======         ======
           DMA1_Channel7_IRQHandler
                                   0800E5BD        __vector_table (stm32f10x_vector)
    -------------------------------------------------------------------------
CODE
  Relative segment, address: 0800E5C0 - 0800E5C1 (0x2 bytes), align: 2
  Segment part 34.
           ENTRY                   ADDRESS         REF BY
           =====                   =======         ======
           ADC1_2_IRQHandler       0800E5C1        __vector_table (stm32f10x_vector)
    -------------------------------------------------------------------------
CODE
  Relative segment, address: 0800E5C4 - 0800E5C7 (0x4 bytes), align: 2
  Segment part 35.
           ENTRY                   ADDRESS         REF BY
           =====                   =======         ======
           USB_HP_CAN_TX_IRQHandler
                                   0800E5C5        __vector_table (stm32f10x_vector)
               stack 1 = 00000000 ( 00000004 )
    -------------------------------------------------------------------------
CODE
  Relative segment, address: 0800E5C8 - 0800E5CB (0x4 bytes), align: 2
  Segment part 36.
           ENTRY                   ADDRESS         REF BY
           =====                   =======         ======
           USB_LP_CAN_RX0_IRQHandler
                                   0800E5C9        __vector_table (stm32f10x_vector)
               stack 1 = 00000000 ( 00000004 )
    -------------------------------------------------------------------------
CODE
  Relative segment, address: 0800E5CC - 0800E5CD (0x2 bytes), align: 2
  Segment part 37.
           ENTRY                   ADDRESS         REF BY
           =====                   =======         ======
           CAN_RX1_IRQHandler      0800E5CD        __vector_table (stm32f10x_vector)
    -------------------------------------------------------------------------
CODE
  Relative segment, address: 0800E5D0 - 0800E5D1 (0x2 bytes), align: 2
  Segment part 38.
           ENTRY                   ADDRESS         REF BY
           =====                   =======         ======
           CAN_SCE_IRQHandler      0800E5D1        __vector_table (stm32f10x_vector)
    -------------------------------------------------------------------------
CODE
  Relative segment, address: 0800E5D4 - 0800E5D5 (0x2 bytes), align: 2
  Segment part 39.
           ENTRY                   ADDRESS         REF BY
           =====                   =======         ======
           EXTI9_5_IRQHandler      0800E5D5        __vector_table (stm32f10x_vector)
    -------------------------------------------------------------------------
CODE
  Relative segment, address: 0800E5D8 - 0800E5D9 (0x2 bytes), align: 2
  Segment part 40.
           ENTRY                   ADDRESS         REF BY
           =====                   =======         ======
           TIM1_BRK_IRQHandler     0800E5D9        __vector_table (stm32f10x_vector)
    -------------------------------------------------------------------------
CODE
  Relative segment, address: 0800E5DC - 0800E5DD (0x2 bytes), align: 2
  Segment part 41.
           ENTRY                   ADDRESS         REF BY
           =====                   =======         ======
           TIM1_UP_IRQHandler      0800E5DD        __vector_table (stm32f10x_vector)
    -------------------------------------------------------------------------
CODE
  Relative segment, address: 0800E5E0 - 0800E5E1 (0x2 bytes), align: 2
  Segment part 42.
           ENTRY                   ADDRESS         REF BY
           =====                   =======         ======
           TIM1_TRG_COM_IRQHandler
                                   0800E5E1        __vector_table (stm32f10x_vector)
    -------------------------------------------------------------------------
CODE
  Relative segment, address: 0800E5E4 - 0800E5E5 (0x2 bytes), align: 2
  Segment part 43.
           ENTRY                   ADDRESS         REF BY
           =====                   =======         ======
           TIM1_CC_IRQHandler      0800E5E5        __vector_table (stm32f10x_vector)
    -------------------------------------------------------------------------
CODE
  Relative segment, address: 0800E5E8 - 0800E5E9 (0x2 bytes), align: 2
  Segment part 44.
           ENTRY                   ADDRESS         REF BY
           =====                   =======         ======
           TIM2_IRQHandler         0800E5E9        __vector_table (stm32f10x_vector)
    -------------------------------------------------------------------------
CODE
  Relative segment, address: 0800E5EC - 0800E6BF (0xd4 bytes), align: 2
  Segment part 45.
           ENTRY                   ADDRESS         REF BY
           =====                   =======         ======
           TIM3_IRQHandler         0800E5ED        __vector_table (stm32f10x_vector)
               stack 1 = 00000000 ( 0000000C )
    -------------------------------------------------------------------------
CODE
  Relative segment, address: 0800E6C0 - 0800E6C1 (0x2 bytes), align: 2
  Segment part 46.
           ENTRY                   ADDRESS         REF BY
           =====                   =======         ======
           TIM4_IRQHandler         0800E6C1        __vector_table (stm32f10x_vector)
    -------------------------------------------------------------------------
CODE
  Relative segment, address: 0800E6C4 - 0800E6C5 (0x2 bytes), align: 2
  Segment part 47.
           ENTRY                   ADDRESS         REF BY
           =====                   =======         ======
           I2C1_EV_IRQHandler      0800E6C5        __vector_table (stm32f10x_vector)
    -------------------------------------------------------------------------
CODE
  Relative segment, address: 0800E6C8 - 0800E6C9 (0x2 bytes), align: 2
  Segment part 48.
           ENTRY                   ADDRESS         REF BY
           =====                   =======         ======
           I2C1_ER_IRQHandler      0800E6C9        __vector_table (stm32f10x_vector)
    -------------------------------------------------------------------------
CODE
  Relative segment, address: 0800E6CC - 0800E6CD (0x2 bytes), align: 2
  Segment part 49.
           ENTRY                   ADDRESS         REF BY
           =====                   =======         ======
           I2C2_EV_IRQHandler      0800E6CD        __vector_table (stm32f10x_vector)
    -------------------------------------------------------------------------
CODE
  Relative segment, address: 0800E6D0 - 0800E6D1 (0x2 bytes), align: 2
  Segment part 50.
           ENTRY                   ADDRESS         REF BY
           =====                   =======         ======
           I2C2_ER_IRQHandler      0800E6D1        __vector_table (stm32f10x_vector)
    -------------------------------------------------------------------------
CODE
  Relative segment, address: 0800E6D4 - 0800E6D5 (0x2 bytes), align: 2
  Segment part 51.
           ENTRY                   ADDRESS         REF BY
           =====                   =======         ======
           SPI1_IRQHandler         0800E6D5        __vector_table (stm32f10x_vector)
    -------------------------------------------------------------------------
CODE
  Relative segment, address: 0800E6D8 - 0800E6D9 (0x2 bytes), align: 2
  Segment part 52.
           ENTRY                   ADDRESS         REF BY
           =====                   =======         ======
           SPI2_IRQHandler         0800E6D9        __vector_table (stm32f10x_vector)
    -------------------------------------------------------------------------
CODE
  Relative segment, address: 0800E6DC - 0800E6DD (0x2 bytes), align: 2
  Segment part 53.
           ENTRY                   ADDRESS         REF BY
           =====                   =======         ======
           USART1_IRQHandler       0800E6DD        __vector_table (stm32f10x_vector)
    -------------------------------------------------------------------------
CODE
  Relative segment, address: 0800E6E0 - 0800E6E1 (0x2 bytes), align: 2
  Segment part 54.
           ENTRY                   ADDRESS         REF BY
           =====                   =======         ======
           USART2_IRQHandler       0800E6E1        __vector_table (stm32f10x_vector)
    -------------------------------------------------------------------------
CODE
  Relative segment, address: 0800E6E4 - 0800E6E5 (0x2 bytes), align: 2
  Segment part 55.
           ENTRY                   ADDRESS         REF BY
           =====                   =======         ======
           USART3_IRQHandler       0800E6E5        __vector_table (stm32f10x_vector)
    -------------------------------------------------------------------------
CODE
  Relative segment, address: 0800E6E8 - 0800E6E9 (0x2 bytes), align: 2
  Segment part 56.
           ENTRY                   ADDRESS         REF BY
           =====                   =======         ======
           EXTI15_10_IRQHandler    0800E6E9        __vector_table (stm32f10x_vector)
    -------------------------------------------------------------------------
CODE
  Relative segment, address: 0800E6EC - 0800E6ED (0x2 bytes), align: 2
  Segment part 57.
           ENTRY                   ADDRESS         REF BY
           =====                   =======         ======
           RTCAlarm_IRQHandler     0800E6ED        __vector_table (stm32f10x_vector)
    -------------------------------------------------------------------------
CODE
  Relative segment, address: 0800E6F0 - 0800E6F1 (0x2 bytes), align: 2
  Segment part 58.
           ENTRY                   ADDRESS         REF BY
           =====                   =======         ======
           USBWakeUp_IRQHandler    0800E6F1        __vector_table (stm32f10x_vector)
    -------------------------------------------------------------------------
CODE
  Relative segment, address: 0800E6F4 - 0800E6F5 (0x2 bytes), align: 2
  Segment part 59.
           ENTRY                   ADDRESS         REF BY
           =====                   =======         ======
           TIM8_BRK_IRQHandler     0800E6F5        __vector_table (stm32f10x_vector)
    -------------------------------------------------------------------------
CODE
  Relative segment, address: 0800E6F8 - 0800E6F9 (0x2 bytes), align: 2
  Segment part 60.
           ENTRY                   ADDRESS         REF BY
           =====                   =======         ======
           TIM8_UP_IRQHandler      0800E6F9        __vector_table (stm32f10x_vector)
    -------------------------------------------------------------------------
CODE
  Relative segment, address: 0800E6FC - 0800E6FD (0x2 bytes), align: 2
  Segment part 61.
           ENTRY                   ADDRESS         REF BY
           =====                   =======         ======
           TIM8_TRG_COM_IRQHandler
                                   0800E6FD        __vector_table (stm32f10x_vector)
    -------------------------------------------------------------------------
CODE
  Relative segment, address: 0800E700 - 0800E701 (0x2 bytes), align: 2
  Segment part 62.
           ENTRY                   ADDRESS         REF BY
           =====                   =======         ======
           TIM8_CC_IRQHandler      0800E701        __vector_table (stm32f10x_vector)
    -------------------------------------------------------------------------
CODE
  Relative segment, address: 0800E704 - 0800E705 (0x2 bytes), align: 2
  Segment part 63.
           ENTRY                   ADDRESS         REF BY
           =====                   =======         ======
           ADC3_IRQHandler         0800E705        __vector_table (stm32f10x_vector)
    -------------------------------------------------------------------------
CODE
  Relative segment, address: 0800E708 - 0800E709 (0x2 bytes), align: 2
  Segment part 64.
           ENTRY                   ADDRESS         REF BY
           =====                   =======         ======
           FSMC_IRQHandler         0800E709        __vector_table (stm32f10x_vector)
    -------------------------------------------------------------------------
CODE
  Relative segment, address: 0800E70C - 0800E70D (0x2 bytes), align: 2
  Segment part 65.
           ENTRY                   ADDRESS         REF BY
           =====                   =======         ======
           SDIO_IRQHandler         0800E70D        __vector_table (stm32f10x_vector)
    -------------------------------------------------------------------------
CODE
  Relative segment, address: 0800E710 - 0800E711 (0x2 bytes), align: 2
  Segment part 66.
           ENTRY                   ADDRESS         REF BY
           =====                   =======         ======
           TIM5_IRQHandler         0800E711        __vector_table (stm32f10x_vector)
    -------------------------------------------------------------------------
CODE
  Relative segment, address: 0800E714 - 0800E715 (0x2 bytes), align: 2
  Segment part 67.
           ENTRY                   ADDRESS         REF BY
           =====                   =======         ======
           SPI3_IRQHandler         0800E715        __vector_table (stm32f10x_vector)
    -------------------------------------------------------------------------
CODE
  Relative segment, address: 0800E718 - 0800E719 (0x2 bytes), align: 2
  Segment part 68.
           ENTRY                   ADDRESS         REF BY
           =====                   =======         ======
           UART4_IRQHandler        0800E719        __vector_table (stm32f10x_vector)
    -------------------------------------------------------------------------
CODE
  Relative segment, address: 0800E71C - 0800E71D (0x2 bytes), align: 2
  Segment part 69.
           ENTRY                   ADDRESS         REF BY
           =====                   =======         ======
           UART5_IRQHandler        0800E71D        __vector_table (stm32f10x_vector)
    -------------------------------------------------------------------------
CODE
  Relative segment, address: 0800E720 - 0800E721 (0x2 bytes), align: 2
  Segment part 70.
           ENTRY                   ADDRESS         REF BY
           =====                   =======         ======
           TIM6_IRQHandler         0800E721        __vector_table (stm32f10x_vector)
    -------------------------------------------------------------------------
CODE
  Relative segment, address: 0800E724 - 0800E725 (0x2 bytes), align: 2
  Segment part 71.
           ENTRY                   ADDRESS         REF BY
           =====                   =======         ======
           TIM7_IRQHandler         0800E725        __vector_table (stm32f10x_vector)
    -------------------------------------------------------------------------
CODE
  Relative segment, address: 0800E728 - 0800E729 (0x2 bytes), align: 2
  Segment part 72.
           ENTRY                   ADDRESS         REF BY
           =====                   =======         ======
           DMA2_Channel1_IRQHandler
                                   0800E729        __vector_table (stm32f10x_vector)
    -------------------------------------------------------------------------
CODE
  Relative segment, address: 0800E72C - 0800E72D (0x2 bytes), align: 2
  Segment part 73.
           ENTRY                   ADDRESS         REF BY
           =====                   =======         ======
           DMA2_Channel2_IRQHandler
                                   0800E72D        __vector_table (stm32f10x_vector)
    -------------------------------------------------------------------------
CODE
  Relative segment, address: 0800E730 - 0800E731 (0x2 bytes), align: 2
  Segment part 74.
           ENTRY                   ADDRESS         REF BY
           =====                   =======         ======
           DMA2_Channel3_IRQHandler
                                   0800E731        __vector_table (stm32f10x_vector)
    -------------------------------------------------------------------------
CODE
  Relative segment, address: 0800E734 - 0800E735 (0x2 bytes), align: 2
  Segment part 75.
           ENTRY                   ADDRESS         REF BY
           =====                   =======         ======
           DMA2_Channel4_5_IRQHandler
                                   0800E735        __vector_table (stm32f10x_vector)

    *************************************************************************

  FILE NAME : C:\Users\Administrator\Desktop\mini DSO download\APP_V2.32\APP_V2.32\IAR_V4_Prpject\Obj\Main.r79
  PROGRAM MODULE, NAME : Main

  SEGMENTS IN THE MODULE
  ======================
DATA_C
  Relative segment, address: 08012150 - 080121D7 (0x88 bytes), align: 2
  Segment part 2.             Intra module refs:   main
    -------------------------------------------------------------------------
CODE
  Relative segment, address: 0800E738 - 0800EFB3 (0x87c bytes), align: 2
  Segment part 4.
           ENTRY                   ADDRESS         REF BY
           =====                   =======         ======
           main                    0800E739        _main (?CMAIN)
               stack 1 = 00000000 ( 00000044 )

    *************************************************************************

  FILE NAME : C:\Users\Administrator\Desktop\mini DSO download\APP_V2.32\APP_V2.32\IAR_V4_Prpject\Obj\Menu.r79
  PROGRAM MODULE, NAME : Menu

  SEGMENTS IN THE MODULE
  ======================
DATA_C
  Relative segment, address: 080121D8 - 080121EB (0x14 bytes), align: 2
  Segment part 3.             Intra module refs:   Display_Value
                                                   Segment part 20
           ENTRY                   ADDRESS         REF BY
           =====                   =======         ======
           Y_COLOR                 080121D8 
    -------------------------------------------------------------------------
DATA_C
  Relative segment, address: 080121EC - 080121FF (0x14 bytes), align: 2
  Segment part 8.             Intra module refs:   Segment part 20
           ENTRY                   ADDRESS         REF BY
           =====                   =======         ======
           STATESTR                080121EC 
    -------------------------------------------------------------------------
DATA_C
  Relative segment, address: 08012200 - 08012203 (0x4 bytes), align: 2
  Segment part 9.             Intra module refs:   Segment part 20
           ENTRY                   ADDRESS         REF BY
           =====                   =======         ======
           S_Inv                   08012200 
    -------------------------------------------------------------------------
DATA_C
  Relative segment, address: 08012204 - 08012237 (0x34 bytes), align: 2
  Segment part 10.            Intra module refs:   Segment part 20
           ENTRY                   ADDRESS         REF BY
           =====                   =======         ======
           BATT_STR                08012204 
    -------------------------------------------------------------------------
DATA_C
  Relative segment, address: 08012238 - 08012243 (0xc bytes), align: 2
  Segment part 11.            Intra module refs:   Segment part 20
           ENTRY                   ADDRESS         REF BY
           =====                   =======         ======
           B_COLOR                 08012238 
    -------------------------------------------------------------------------
DATA_C
  Relative segment, address: 08012244 - 08012257 (0x14 bytes), align: 2
  Segment part 12.            Intra module refs:   Segment part 20
           ENTRY                   ADDRESS         REF BY
           =====                   =======         ======
           CH_A_STR                08012244 
    -------------------------------------------------------------------------
DATA_C
  Relative segment, address: 08012258 - 0801226B (0x14 bytes), align: 2
  Segment part 13.            Intra module refs:   Segment part 20
           ENTRY                   ADDRESS         REF BY
           =====                   =======         ======
           CH_B_STR                08012258 
    -------------------------------------------------------------------------
DATA_C
  Relative segment, address: 0801226C - 0801227F (0x14 bytes), align: 2
  Segment part 14.            Intra module refs:   Segment part 20
           ENTRY                   ADDRESS         REF BY
           =====                   =======         ======
           CH_C_STR                0801226C 
    -------------------------------------------------------------------------
DATA_C
  Relative segment, address: 08012280 - 080122E3 (0x64 bytes), align: 2
  Segment part 15.            Intra module refs:   Segment part 20
           ENTRY                   ADDRESS         REF BY
           =====                   =======         ======
           CH_D_STR                08012280 
    -------------------------------------------------------------------------
DATA_C
  Relative segment, address: 080122E4 - 080122EB (0x8 bytes), align: 2
  Segment part 16.            Intra module refs:   Segment part 20
           ENTRY                   ADDRESS         REF BY
           =====                   =======         ======
           NO_RANGE                080122E4 
    -------------------------------------------------------------------------
DATA_C
  Relative segment, address: 080122EC - 080122F3 (0x8 bytes), align: 2
  Segment part 17.            Intra module refs:   Segment part 20
           ENTRY                   ADDRESS         REF BY
           =====                   =======         ======
           NO_DEF                  080122EC 
    -------------------------------------------------------------------------
DATA_C
  Relative segment, address: 080122F4 - 08012313 (0x20 bytes), align: 2
  Segment part 18.            Intra module refs:   Segment part 20
           ENTRY                   ADDRESS         REF BY
           =====                   =======         ======
           YCOUPLE                 080122F4 
    -------------------------------------------------------------------------
DATA_C
  Relative segment, address: 08012314 - 0801231B (0x8 bytes), align: 2
  Segment part 21.            Intra module refs:   Segment part 20
           ENTRY                   ADDRESS         REF BY
           =====                   =======         ======
           YPOSISTR                08012314 
    -------------------------------------------------------------------------
DATA_C
  Relative segment, address: 0801231C - 08012327 (0xc bytes), align: 2
  Segment part 22.            Intra module refs:   Display_Meter
                                                   Segment part 20
           ENTRY                   ADDRESS         REF BY
           =====                   =======         ======
           Y_INV                   0801231C 
    -------------------------------------------------------------------------
DATA_C
  Relative segment, address: 08012328 - 0801235B (0x34 bytes), align: 2
  Segment part 23.            Intra module refs:   Segment part 20
           ENTRY                   ADDRESS         REF BY
           =====                   =======         ======
           MODESTR                 08012328 
    -------------------------------------------------------------------------
DATA_C
  Relative segment, address: 0801235C - 08012363 (0x8 bytes), align: 2
  Segment part 24.            Intra module refs:   Segment part 20
           ENTRY                   ADDRESS         REF BY
           =====                   =======         ======
           XPOSISTR                0801235C 
    -------------------------------------------------------------------------
DATA_C
  Relative segment, address: 08012364 - 08012367 (0x4 bytes), align: 2
  Segment part 25.            Intra module refs:   Segment part 20
           ENTRY                   ADDRESS         REF BY
           =====                   =======         ======
           XCOLOR                  08012364 
    -------------------------------------------------------------------------
DATA_C
  Relative segment, address: 08012368 - 0801238F (0x28 bytes), align: 2
  Segment part 26.            Intra module refs:   Segment part 20
           ENTRY                   ADDRESS         REF BY
           =====                   =======         ======
           FO_TYPE                 08012368 
    -------------------------------------------------------------------------
DATA_C
  Relative segment, address: 08012390 - 08012457 (0xc8 bytes), align: 2
  Segment part 27.            Intra module refs:   Segment part 20
           ENTRY                   ADDRESS         REF BY
           =====                   =======         ======
           FO_STR                  08012390 
    -------------------------------------------------------------------------
DATA_C
  Relative segment, address: 08012458 - 0801245B (0x4 bytes), align: 2
  Segment part 28.            Intra module refs:   Segment part 20
           ENTRY                   ADDRESS         REF BY
           =====                   =======         ======
           O_COLOR                 08012458 
    -------------------------------------------------------------------------
DATA_C
  Relative segment, address: 0801245C - 080124AB (0x50 bytes), align: 2
  Segment part 29.            Intra module refs:   Segment part 20
           ENTRY                   ADDRESS         REF BY
           =====                   =======         ======
           TRIGSTR                 0801245C 
    -------------------------------------------------------------------------
DATA_C
  Relative segment, address: 080124AC - 080124FB (0x50 bytes), align: 2
  Segment part 30.            Intra module refs:   Segment part 20
           ENTRY                   ADDRESS         REF BY
           =====                   =======         ======
           TR_TYPE                 080124AC 
    -------------------------------------------------------------------------
DATA_C
  Relative segment, address: 080124FC - 08012507 (0xc bytes), align: 2
  Segment part 31.            Intra module refs:   Segment part 20
           ENTRY                   ADDRESS         REF BY
           =====                   =======         ======
           VT_STR                  080124FC 
    -------------------------------------------------------------------------
[...]
           =====                   =======         ======
           App_init                0800F749        Calibrat (Calibrat)
                                                   main (Main)
               stack 1 = 00000000 ( 00000014 )
    -------------------------------------------------------------------------
CODE
  Relative segment, address: 0800F7EC - 0800F8BF (0xd4 bytes), align: 2
  Segment part 21.
           ENTRY                   ADDRESS         REF BY
           =====                   =======         ======
           Update_Range            0800F7ED        main (Main)
               stack 1 = 00000000 ( 00000018 )
    -------------------------------------------------------------------------
CODE
  Relative segment, address: 0800F8C0 - 0800F8C3 (0x4 bytes), align: 2
  Segment part 22.            Intra module refs:   App_init
                                                   Update_Range
    -------------------------------------------------------------------------
CODE
  Relative segment, address: 0800F8C4 - 0800F917 (0x54 bytes), align: 2
  Segment part 23.
           ENTRY                   ADDRESS         REF BY
           =====                   =======         ======
           Update_Base             0800F8C5        main (Main)
               stack 1 = 00000000 ( 00000010 )
    -------------------------------------------------------------------------
CODE
  Relative segment, address: 0800F918 - 0800F91B (0x4 bytes), align: 2
  Segment part 24.            Intra module refs:   Update_Base
    -------------------------------------------------------------------------
CODE
  Relative segment, address: 0800F91C - 0800F91F (0x4 bytes), align: 2
  Segment part 25.            Intra module refs:   Update_Base
    -------------------------------------------------------------------------
CODE
  Relative segment, address: 0800F920 - 0800F9F7 (0xd8 bytes), align: 2
  Segment part 26.
           ENTRY                   ADDRESS         REF BY
           =====                   =======         ======
           Update_Output           0800F921        main (Main)
               stack 1 = 00000000 ( 00000010 )
    -------------------------------------------------------------------------
CODE
  Relative segment, address: 0800F9F8 - 0800FA9B (0xa4 bytes), align: 2
  Segment part 27.
           ENTRY                   ADDRESS         REF BY
           =====                   =======         ======
           Update_Trig             0800F9F9        main (Main)
               stack 1 = 00000000 ( 00000018 )
    -------------------------------------------------------------------------
CODE
  Relative segment, address: 0800FA9C - 0800FA9F (0x4 bytes), align: 2
  Segment part 28.            Intra module refs:   Update_Trig
    -------------------------------------------------------------------------
CODE
  Relative segment, address: 0800FAA0 - 0800FAA3 (0x4 bytes), align: 2
  Segment part 29.            Intra module refs:   Update_Base
                                                   Update_Range
                                                   Update_Trig
    -------------------------------------------------------------------------
CODE
  Relative segment, address: 0800FAA4 - 0800FEEB (0x448 bytes), align: 2
  Segment part 30.            Intra module refs:   Synchro
           ENTRY                   ADDRESS         REF BY
           =====                   =======         ======
           Process                 0800FAA5        Calibrat (Calibrat)
               stack 1 = 00000000 ( 0000003C )
    -------------------------------------------------------------------------
CODE
  Relative segment, address: 0800FEEC - 0800FFEB (0x100 bytes), align: 2
  Segment part 31.            Intra module refs:   Process
           ENTRY                   ADDRESS         REF BY
           =====                   =======         ======
           CH_D_Data               0800FEED 
               stack 1 = 00000000 ( 0000002C )
    -------------------------------------------------------------------------
CODE
  Relative segment, address: 0800FFEC - 0800FFEF (0x4 bytes), align: 2
  Segment part 32.            Intra module refs:   CH_D_Data
    -------------------------------------------------------------------------
CODE
  Relative segment, address: 0800FFF0 - 08010223 (0x234 bytes), align: 2
  Segment part 33.
           ENTRY                   ADDRESS         REF BY
           =====                   =======         ======
           Synchro                 0800FFF1        main (Main)
               stack 1 = 00000000 ( 00000024 )
    -------------------------------------------------------------------------
CODE
  Relative segment, address: 08010224 - 08010227 (0x4 bytes), align: 2
  Segment part 34.            Intra module refs:   CH_D_Data
                                                   Synchro
    -------------------------------------------------------------------------
CODE
  Relative segment, address: 08010228 - 0801022B (0x4 bytes), align: 2
  Segment part 35.            Intra module refs:   Synchro
    -------------------------------------------------------------------------
CODE
  Relative segment, address: 0801022C - 0801022F (0x4 bytes), align: 2
  Segment part 36.            Intra module refs:   Synchro
    -------------------------------------------------------------------------
CODE
  Relative segment, address: 08010230 - 08010233 (0x4 bytes), align: 2
  Segment part 37.            Intra module refs:   Synchro
    -------------------------------------------------------------------------
CODE
  Relative segment, address: 08010234 - 08010237 (0x4 bytes), align: 2
  Segment part 38.            Intra module refs:   Synchro
    -------------------------------------------------------------------------
DATA_ID
  Relative segment, address: 08010F30 - 08010FAF (0x80 bytes), align: 2
  Segment part 3.             Intra module refs:   Segment part 2
    -------------------------------------------------------------------------
DATA_ID
  Relative segment, address: 08010FB0 - 08010FB7 (0x8 bytes), align: 2
  Segment part 10.            Intra module refs:   Segment part 9
    -------------------------------------------------------------------------
DATA_ID
  Relative segment, address: 08010FB8 - 080110CF (0x118 bytes), align: 2
  Segment part 15.            Intra module refs:   D_Tab
    -------------------------------------------------------------------------
DATA_ID
  Relative segment, address: 080110D0 - 0801122B (0x15c bytes), align: 2
  Segment part 17.            Intra module refs:   Segment part 16

    *************************************************************************

  FILE NAME : C:\Users\Administrator\Desktop\mini DSO download\APP_V2.32\APP_V2.32\IAR_V4_Prpject\Obj\cortexm3_macro.r79
  PROGRAM MODULE, NAME : cortexm3_macro

  SEGMENTS IN THE MODULE
  ======================
CODE
  Relative segment, address: 08010238 - 080102B1 (0x7a bytes), align: 2
  Segment part 0. ROOT.
           ENTRY                   ADDRESS         REF BY
           =====                   =======         ======
           __WFI                   08010239 
           __WFE                   0801023D 
           __SEV                   08010241 
           __ISB                   08010245 
           __DSB                   0801024B 
           __DMB                   08010251 
           __SVC                   08010257 
           __MRS_CONTROL           0801025B 
           __MSR_CONTROL           08010261 
           __MRS_PSP               0801026B 
           __MSR_PSP               08010271 
           __MRS_MSP               08010277 
           __MSR_MSP               0801027D 
           __RESETPRIMASK          08010283 
           __SETPRIMASK            08010287 
           __READ_PRIMASK          0801028B 
           __RESETFAULTMASK        08010291 
           __SETFAULTMASK          08010295 
           __READ_FAULTMASK        08010299 
           __BASEPRICONFIG         0801029F 
           __GetBASEPRI            080102A5 
           __REV_HalfWord          080102AB 
           __REV_Word              080102AF 

    *************************************************************************

  FILE NAME : C:\Users\Administrator\Desktop\mini DSO download\APP_V2.32\APP_V2.32\IAR_V4_Prpject\Obj\stm32f10x_dma.r79
    *************************************************************************

  FILE NAME : C:\Users\Administrator\Desktop\mini DSO download\APP_V2.32\APP_V2.32\IAR_V4_Prpject\Obj\stm32f10x_flash.r79
    *************************************************************************

  FILE NAME : C:\Users\Administrator\Desktop\mini DSO download\APP_V2.32\APP_V2.32\IAR_V4_Prpject\Obj\stm32f10x_fsmc.r79
    *************************************************************************

  FILE NAME : C:\Users\Administrator\Desktop\mini DSO download\APP_V2.32\APP_V2.32\IAR_V4_Prpject\Obj\stm32f10x_gpio.r79
    *************************************************************************

  FILE NAME : C:\Users\Administrator\Desktop\mini DSO download\APP_V2.32\APP_V2.32\IAR_V4_Prpject\Obj\stm32f10x_lib.r79
    *************************************************************************

  FILE NAME : C:\Users\Administrator\Desktop\mini DSO download\APP_V2.32\APP_V2.32\IAR_V4_Prpject\Obj\stm32f10x_nvic.r79
  PROGRAM MODULE, NAME : stm32f10x_nvic

  SEGMENTS IN THE MODULE
  ======================
CODE
  Relative segment, address: 080102B4 - 080102C3 (0x10 bytes), align: 2
  Segment part 24.
           ENTRY                   ADDRESS         REF BY
           =====                   =======         ======
           NVIC_SetVectorTable     080102B5        main (Main)
    -------------------------------------------------------------------------
CODE
  Relative segment, address: 080102C4 - 080102C7 (0x4 bytes), align: 2
  Segment part 25.            Intra module refs:   NVIC_SetVectorTable

    *************************************************************************

  FILE NAME : C:\Users\Administrator\Desktop\mini DSO download\APP_V2.32\APP_V2.32\IAR_V4_Prpject\Obj\stm32f10x_rcc.r79
    *************************************************************************

  FILE NAME : C:\Users\Administrator\Desktop\mini DSO download\APP_V2.32\APP_V2.32\IAR_V4_Prpject\Obj\stm32f10x_sdio.r79
    *************************************************************************

  FILE NAME : C:\Users\Administrator\Desktop\mini DSO download\APP_V2.32\APP_V2.32\IAR_V4_Prpject\Obj\stm32f10x_spi.r79
    *************************************************************************

  FILE NAME : C:\Users\Administrator\Desktop\mini DSO download\APP_V2.32\APP_V2.32\IAR_V4_Prpject\Obj\stm32f10x_vector.r79
  PROGRAM MODULE, NAME : stm32f10x_vector

  SEGMENTS IN THE MODULE
  ======================
INTVEC
  Relative segment, address: 0800C000 - 0800C12F (0x130 bytes), align: 2
  Segment part 2.
           ENTRY                   ADDRESS         REF BY
           =====                   =======         ======
           __vector_table          0800C000        __program_start (?CMAIN)
    -------------------------------------------------------------------------
CSTACK
  Relative segment, address: 20007950, align: 2
  Segment part 1.

    *************************************************************************

  FILE NAME : E:\IARWorkBench(Cracked)\Embedded Workbench 4.0 Evaluation\ARM\LIB\dl7mptnnl8f.r79
  LIBRARY MODULE, NAME : ?low_level_init

  SEGMENTS IN THE MODULE
  ======================
ICODE
  Relative segment, address: 0800C130 - 0800C133 (0x4 bytes), align: 2
  Segment part 2.
           ENTRY                   ADDRESS         REF BY
           =====                   =======         ======
           __low_level_init        0800C131        __program_start (?CMAIN)

    -------------------------------------------------------------------------
  LIBRARY MODULE, NAME : ?segment_init

  SEGMENTS IN THE MODULE
  ======================
ICODE
  Relative segment, address: 0800C134 - 0800C163 (0x30 bytes), align: 2
  Segment part 2.
           ENTRY                   ADDRESS         REF BY
           =====                   =======         ======
           __segment_init          0800C135        __program_start (?CMAIN)
               stack 1 = 00000000 ( 00000008 )

    -------------------------------------------------------------------------
  LIBRARY MODULE, NAME : ?__dbg_break

  SEGMENTS IN THE MODULE
  ======================
CODE
  Relative segment, address: 080102C8 - 080102C9 (0x2 bytes), align: 2
  Segment part 2.
           ENTRY                   ADDRESS         REF BY
           =====                   =======         ======
           __DebugBreak            080102C9        __exit (?__exit)

    -------------------------------------------------------------------------
  LIBRARY MODULE, NAME : ?__exit

  SEGMENTS IN THE MODULE
  ======================
CODE
  Relative segment, address: 080102CC - 080102DD (0x12 bytes), align: 2
  Segment part 2.
           ENTRY                   ADDRESS         REF BY
           =====                   =======         ======
           __exit                  080102CD        Segment part 5 (?_EXIT)
               stack 1 = 00000000 ( 0000000C )

    -------------------------------------------------------------------------
  LIBRARY MODULE, NAME : ?exit

  SEGMENTS IN THE MODULE
  ======================
CODE
  Relative segment, address: 080102E0 - 080102E3 (0x4 bytes), align: 2
  Segment part 2.
           ENTRY                   ADDRESS         REF BY
           =====                   =======         ======
           exit                    080102E1        _main (?CMAIN)
               stack 1 = 00000000 ( 00000004 )

    -------------------------------------------------------------------------
  LIBRARY MODULE, NAME : ?memcpy

  SEGMENTS IN THE MODULE
  ======================
CODE
  Relative segment, address: 080102E4 - 080102F9 (0x16 bytes), align: 2
  Segment part 3.
           ENTRY                   ADDRESS         REF BY
           =====                   =======         ======
           memcpy                  080102E5        __segment_init (?segment_init)
               stack 1 = 00000000 ( 00000008 )

    -------------------------------------------------------------------------
  LIBRARY MODULE, NAME : ?memset

  SEGMENTS IN THE MODULE
  ======================
CODE
  Relative segment, address: 080102FC - 0801030D (0x12 bytes), align: 2
  Segment part 3.
           ENTRY                   ADDRESS         REF BY
           =====                   =======         ======
           memset                  080102FD        Calibrat (Calibrat)
                                                   Save_Parameter (Files)
                                                   __segment_init (?segment_init)
               stack 1 = 00000000 ( 00000008 )

    -------------------------------------------------------------------------
  LIBRARY MODULE, NAME : ?strcmp

  SEGMENTS IN THE MODULE
  ======================
CODE
  Relative segment, address: 08010310 - 08010331 (0x22 bytes), align: 2
  Segment part 3.
           ENTRY                   ADDRESS         REF BY
           =====                   =======         ======
           strcmp                  08010311        Calibrat (Calibrat)

    -------------------------------------------------------------------------
  LIBRARY MODULE, NAME : ?strcpy

  SEGMENTS IN THE MODULE
  ======================
CODE
  Relative segment, address: 08010334 - 08010343 (0x10 bytes), align: 2
  Segment part 3.
           ENTRY                   ADDRESS         REF BY
           =====                   =======         ======
           strcpy                  08010335        Load_Attr (Menu)

    -------------------------------------------------------------------------
  LIBRARY MODULE, NAME : ?CMAIN

  SEGMENTS IN THE MODULE
  ======================
DIFUNCT
  Relative segment, address: 0800C194, align: 2
  Segment part 0. ROOT.
    -------------------------------------------------------------------------
ICODE
  Relative segment, address: 0800C164 - 0800C177 (0x14 bytes), align: 2
  Segment part 1.
           ENTRY                   ADDRESS         REF BY
           =====                   =======         ======
           __program_start         0800C165        Absolute parts (?ABS_ENTRY_MOD)
                                                   __vector_table (stm32f10x_vector)
    -------------------------------------------------------------------------
ICODE
  Relative segment, address: 0800C178 - 0800C193 (0x1c bytes), align: 2
  Segment part 3.             Intra module refs:   __program_start
           ENTRY                   ADDRESS         REF BY
           =====                   =======         ======
           _main                   0800C181 

    -------------------------------------------------------------------------
  LIBRARY MODULE, NAME : ?_EXIT

  SEGMENTS IN THE MODULE
  ======================
CODE
  Relative segment, address: 08010344, align: 2
  Segment part 0.
           ENTRY                   ADDRESS         REF BY
           =====                   =======         ======
           _exit                   08010345        _main (?CMAIN)
                                                   exit (?exit)
    -------------------------------------------------------------------------
CODE
  Relative segment, address: 08010344 - 0801034F (0xc bytes), align: 2
  Segment part 5.             Intra module refs:   _exit

    -------------------------------------------------------------------------
  LIBRARY MODULE, NAME : ?div_module

  SEGMENTS IN THE MODULE
  ======================
CODE
  Relative segment, address: 08010350 - 0801035B (0xc bytes), align: 2
  Segment part 5.
           ENTRY                   ADDRESS         REF BY
           =====                   =======         ======
           ??div32_t               08010351        Calibrat (Calibrat)
                                                   Draw_Row (Draw)
                                                   Int32String_sign (Function)
                                                   u8ToDec2 (Function)
                                                   u8ToDec3 (Function)




                ****************************************
                *                                      *
                *      SEGMENTS IN ADDRESS ORDER       *
                *                                      *
                ****************************************


SEGMENT              SPACE    START ADDRESS   END ADDRESS     SIZE  TYPE  ALIGN
=======              =====    =============   ===========     ====  ====  =====
INTVEC                             0800C000 - 0800C12F         130   rel    2
ICODE                              0800C130 - 0800C193          64   rel    2
DIFUNCT                                 0800C194                     rel    2
CODE                               0800C194 - 0801035B        41C8   rel    2
INITTAB                            0801035C - 08010373          18   rel    2
DATA_ID                            08010374 - 0801122C         EB9   rel    2
DATA_C                             08011230 - 08012615        13E6   rel    2
DATA_I                             20002000 - 20002EB8         EB9   rel    2
DATA_Z                             20002EBC - 2000794C        4A91   rel    2
CSTACK                             20007950 - 20007D4F         400   rel    2

                ****************************************
                *                                      *
                *        END OF CROSS REFERENCE        *
                *                                      *
                ****************************************

 17 244 bytes of CODE  memory
 23 882 bytes of DATA  memory
  8 887 bytes of CONST memory

Errors: none
Warnings: none

